../Drivers/STM32G0xx_HAL_Driver/Inc/stm32g0xx_ll_bus.h:921:22:LL_APB2_GRP1_EnableClock	24	static
../Drivers/STM32G0xx_HAL_Driver/Inc/stm32g0xx_ll_bus.h:983:22:LL_APB2_GRP1_DisableClock	16	static
../Drivers/STM32G0xx_HAL_Driver/Inc/stm32g0xx_ll_tim.h:1586:22:LL_TIM_EnableCounter	16	static
../Drivers/STM32G0xx_HAL_Driver/Inc/stm32g0xx_ll_tim.h:1726:22:LL_TIM_SetCounterMode	16	static
../Drivers/STM32G0xx_HAL_Driver/Inc/stm32g0xx_ll_tim.h:1881:22:LL_TIM_SetPrescaler	16	static
../Drivers/STM32G0xx_HAL_Driver/Inc/stm32g0xx_ll_tim.h:1892:26:LL_TIM_GetPrescaler	16	static
../Drivers/STM32G0xx_HAL_Driver/Inc/stm32g0xx_ll_tim.h:1908:22:LL_TIM_SetAutoReload	16	static
../Drivers/STM32G0xx_HAL_Driver/Inc/stm32g0xx_ll_tim.h:2269:22:LL_TIM_OC_SetMode	32	static
../Drivers/STM32G0xx_HAL_Driver/Inc/stm32g0xx_ll_tim.h:2342:22:LL_TIM_OC_SetPolarity	32	static
../Drivers/STM32G0xx_HAL_Driver/Inc/stm32g0xx_ll_tim.h:2717:22:LL_TIM_OC_SetCompareCH1	16	static
../Drivers/STM32G0xx_HAL_Driver/Inc/stm32g0xx_ll_tim.h:2734:22:LL_TIM_OC_SetCompareCH2	16	static
../Drivers/STM32G0xx_HAL_Driver/Inc/stm32g0xx_ll_tim.h:2751:22:LL_TIM_OC_SetCompareCH3	16	static
../Drivers/STM32G0xx_HAL_Driver/Inc/stm32g0xx_ll_tim.h:2768:22:LL_TIM_OC_SetCompareCH4	16	static
../Drivers/STM32G0xx_HAL_Driver/Inc/stm32g0xx_ll_tim.h:4284:22:LL_TIM_ClearFlag_CC1	16	static
../Drivers/STM32G0xx_HAL_Driver/Inc/stm32g0xx_ll_tim.h:4295:26:LL_TIM_IsActiveFlag_CC1	16	static
../Drivers/STM32G0xx_HAL_Driver/Inc/stm32g0xx_ll_tim.h:4306:22:LL_TIM_ClearFlag_CC2	16	static
../Drivers/STM32G0xx_HAL_Driver/Inc/stm32g0xx_ll_tim.h:4317:26:LL_TIM_IsActiveFlag_CC2	16	static
../Drivers/STM32G0xx_HAL_Driver/Inc/stm32g0xx_ll_tim.h:4328:22:LL_TIM_ClearFlag_CC3	16	static
../Drivers/STM32G0xx_HAL_Driver/Inc/stm32g0xx_ll_tim.h:4339:26:LL_TIM_IsActiveFlag_CC3	16	static
../Drivers/STM32G0xx_HAL_Driver/Inc/stm32g0xx_ll_tim.h:4350:22:LL_TIM_ClearFlag_CC4	16	static
../Drivers/STM32G0xx_HAL_Driver/Inc/stm32g0xx_ll_tim.h:4361:26:LL_TIM_IsActiveFlag_CC4	16	static
../Middlewares/ST/STM32_USBPD_Library/Devices/STM32G0XX/src/usbpd_timersserver.c:47:6:USBPD_TIM_Init	16	static
../Middlewares/ST/STM32_USBPD_Library/Devices/STM32G0XX/src/usbpd_timersserver.c:91:6:USBPD_TIM_DeInit	8	static
../Middlewares/ST/STM32_USBPD_Library/Devices/STM32G0XX/src/usbpd_timersserver.c:106:6:USBPD_TIM_Start	16	static
../Middlewares/ST/STM32_USBPD_Library/Devices/STM32G0XX/src/usbpd_timersserver.c:133:10:USBPD_TIM_IsExpired	24	static
