../USBPD/App/usbpd_pwr_if.c:121:21:USBPD_PWR_IF_Init	16	static
../USBPD/App/usbpd_pwr_if.c:139:21:USBPD_PWR_IF_SupplyReady	24	static
../USBPD/App/usbpd_pwr_if.c:174:21:USBPD_PWR_IF_ReadVA	24	static
../USBPD/App/usbpd_pwr_if.c:187:21:USBPD_PWR_IF_Enable_VConn	16	static
../USBPD/App/usbpd_pwr_if.c:200:21:USBPD_PWR_IF_Disable_VConn	16	static
../USBPD/App/usbpd_pwr_if.c:218:6:USBPD_PWR_IF_GetPortPDOs	32	static
../USBPD/App/usbpd_pwr_if.c:258:21:USBPD_PWR_IF_SearchRequestedPDO	24	static
../USBPD/App/usbpd_pwr_if.c:270:6:USBPD_PWR_IF_AlarmType	16	static
../USBPD/App/usbpd_pwr_if.c:281:6:USBPD_PWR_IF_Alarm	8	static
../USBPD/App/usbpd_pwr_if.c:294:9:USBPD_PWR_IF_GetVBUSStatus	24	static
../USBPD/App/usbpd_pwr_if.c:323:6:USBPD_PWR_IF_UpdateVbusThreshold	16	static
../USBPD/App/usbpd_pwr_if.c:334:6:USBPD_PWR_IF_ResetVbusThreshold	16	static
