../Drivers/STM32G0xx_HAL_Driver/Inc/stm32g0xx_ll_adc.h:2002:22:LL_ADC_SetCommonClock	16	static
../Drivers/STM32G0xx_HAL_Driver/Inc/stm32g0xx_ll_adc.h:2813:26:LL_ADC_REG_GetSequencerConfigurable	16	static
../Drivers/STM32G0xx_HAL_Driver/Inc/stm32g0xx_ll_adc.h:2885:22:LL_ADC_REG_SetSequencerLength	16	static
../Drivers/STM32G0xx_HAL_Driver/Inc/stm32g0xx_ll_adc.h:4615:22:LL_ADC_Disable	16	static
../Drivers/STM32G0xx_HAL_Driver/Inc/stm32g0xx_ll_adc.h:4634:26:LL_ADC_IsEnabled	16	static
../Drivers/STM32G0xx_HAL_Driver/Inc/stm32g0xx_ll_adc.h:4645:26:LL_ADC_IsDisableOngoing	16	static
../Drivers/STM32G0xx_HAL_Driver/Inc/stm32g0xx_ll_adc.h:4745:22:LL_ADC_REG_StopConversion	16	static
../Drivers/STM32G0xx_HAL_Driver/Inc/stm32g0xx_ll_adc.h:4772:26:LL_ADC_REG_IsStopConversionOngoing	16	static
../Drivers/STM32G0xx_HAL_Driver/Inc/stm32g0xx_ll_adc.h:4895:26:LL_ADC_IsActiveFlag_CCRDY	16	static
../Drivers/STM32G0xx_HAL_Driver/Inc/stm32g0xx_ll_adc.h:5008:22:LL_ADC_ClearFlag_CCRDY	16	static
../Drivers/STM32G0xx_HAL_Driver/Inc/stm32g0xx_ll_bus.h:1013:22:LL_APB2_GRP1_ForceReset	16	static
../Drivers/STM32G0xx_HAL_Driver/Inc/stm32g0xx_ll_bus.h:1043:22:LL_APB2_GRP1_ReleaseReset	16	static
../Drivers/STM32G0xx_HAL_Driver/Src/stm32g0xx_ll_adc.c:240:13:LL_ADC_CommonDeInit	16	static
../Drivers/STM32G0xx_HAL_Driver/Src/stm32g0xx_ll_adc.c:272:13:LL_ADC_CommonInit	24	static
../Drivers/STM32G0xx_HAL_Driver/Src/stm32g0xx_ll_adc.c:309:6:LL_ADC_CommonStructInit	16	static
../Drivers/STM32G0xx_HAL_Driver/Src/stm32g0xx_ll_adc.c:333:13:LL_ADC_DeInit	24	static
../Drivers/STM32G0xx_HAL_Driver/Src/stm32g0xx_ll_adc.c:534:13:LL_ADC_Init	24	static
../Drivers/STM32G0xx_HAL_Driver/Src/stm32g0xx_ll_adc.c:587:6:LL_ADC_StructInit	16	static
../Drivers/STM32G0xx_HAL_Driver/Src/stm32g0xx_ll_adc.c:638:13:LL_ADC_REG_Init	24	static
../Drivers/STM32G0xx_HAL_Driver/Src/stm32g0xx_ll_adc.c:746:6:LL_ADC_REG_StructInit	16	static
