Archive member included to satisfy reference by file (symbol)

../Middlewares/ST/STM32_USBPD_Library/Core/lib\USBPDCORE_PD3_FULL_CM0PLUS_wc32.a(usbpd_cad.o)
                              ./USBPD/Target/usbpd_dpm_user.o (USBPD_CAD_EnterErrorRecovery)
../Middlewares/ST/STM32_USBPD_Library/Core/lib\USBPDCORE_PD3_FULL_CM0PLUS_wc32.a(usbpd_pe.o)
                              ./USBPD/App/usbpd_dpm_core.o (USBPD_PE_Init)
../Middlewares/ST/STM32_USBPD_Library/Core/lib\USBPDCORE_PD3_FULL_CM0PLUS_wc32.a(usbpd_pe_lib.o)
                              ./USBPD/App/usbpd_dpm_core.o (USBPD_PE_CheckLIB)
../Middlewares/ST/STM32_USBPD_Library/Core/lib\USBPDCORE_PD3_FULL_CM0PLUS_wc32.a(usbpd_pe_msg.o)
                              ../Middlewares/ST/STM32_USBPD_Library/Core/lib\USBPDCORE_PD3_FULL_CM0PLUS_wc32.a(usbpd_pe.o) (PE_Send_CtrlMessage)
../Middlewares/ST/STM32_USBPD_Library/Core/lib\USBPDCORE_PD3_FULL_CM0PLUS_wc32.a(usbpd_pe_snk.o)
                              ./USBPD/App/usbpd_dpm_core.o (USBPD_PE_StateMachine_SNK)
../Middlewares/ST/STM32_USBPD_Library/Core/lib\USBPDCORE_PD3_FULL_CM0PLUS_wc32.a(usbpd_pe_src.o)
                              ../Middlewares/ST/STM32_USBPD_Library/Core/lib\USBPDCORE_PD3_FULL_CM0PLUS_wc32.a(usbpd_pe.o) (USBPD_PE_StateMachine_SRC)
../Middlewares/ST/STM32_USBPD_Library/Core/lib\USBPDCORE_PD3_FULL_CM0PLUS_wc32.a(usbpd_pe_vconn.o)
                              ../Middlewares/ST/STM32_USBPD_Library/Core/lib\USBPDCORE_PD3_FULL_CM0PLUS_wc32.a(usbpd_pe_snk.o) (PE_StateMachine_VDMCable)
../Middlewares/ST/STM32_USBPD_Library/Core/lib\USBPDCORE_PD3_FULL_CM0PLUS_wc32.a(usbpd_pe_vdm.o)
                              ../Middlewares/ST/STM32_USBPD_Library/Core/lib\USBPDCORE_PD3_FULL_CM0PLUS_wc32.a(usbpd_pe_msg.o) (PE_Check_DataMessageVDM)
../Middlewares/ST/STM32_USBPD_Library/Core/lib\USBPDCORE_PD3_FULL_CM0PLUS_wc32.a(usbpd_prl.o)
                              ../Middlewares/ST/STM32_USBPD_Library/Core/lib\USBPDCORE_PD3_FULL_CM0PLUS_wc32.a(usbpd_pe.o) (USBDPD_PRL_BistCarrierEyeMode)
D:/STM/STM32CubeIDE_1.18.0/STM32CubeIDE/plugins/com.st.stm32cube.ide.mcu.externaltools.gnu-tools-for-stm32.13.3.rel1.win32_1.0.0.202411081344/tools/bin/../lib/gcc/arm-none-eabi/13.3.1/../../../../arm-none-eabi/lib/thumb/v6-m/nofp\libc_nano.a(libc_a-exit.o)
                              D:/STM/STM32CubeIDE_1.18.0/STM32CubeIDE/plugins/com.st.stm32cube.ide.mcu.externaltools.gnu-tools-for-stm32.13.3.rel1.win32_1.0.0.202411081344/tools/bin/../lib/gcc/arm-none-eabi/13.3.1/../../../../arm-none-eabi/lib/thumb/v6-m/nofp/crt0.o (exit)
D:/STM/STM32CubeIDE_1.18.0/STM32CubeIDE/plugins/com.st.stm32cube.ide.mcu.externaltools.gnu-tools-for-stm32.13.3.rel1.win32_1.0.0.202411081344/tools/bin/../lib/gcc/arm-none-eabi/13.3.1/../../../../arm-none-eabi/lib/thumb/v6-m/nofp\libc_nano.a(libc_a-malloc.o)
                              ../Middlewares/ST/STM32_USBPD_Library/Core/lib\USBPDCORE_PD3_FULL_CM0PLUS_wc32.a(usbpd_cad.o) (malloc)
D:/STM/STM32CubeIDE_1.18.0/STM32CubeIDE/plugins/com.st.stm32cube.ide.mcu.externaltools.gnu-tools-for-stm32.13.3.rel1.win32_1.0.0.202411081344/tools/bin/../lib/gcc/arm-none-eabi/13.3.1/../../../../arm-none-eabi/lib/thumb/v6-m/nofp\libc_nano.a(libc_a-mallocr.o)
                              D:/STM/STM32CubeIDE_1.18.0/STM32CubeIDE/plugins/com.st.stm32cube.ide.mcu.externaltools.gnu-tools-for-stm32.13.3.rel1.win32_1.0.0.202411081344/tools/bin/../lib/gcc/arm-none-eabi/13.3.1/../../../../arm-none-eabi/lib/thumb/v6-m/nofp\libc_nano.a(libc_a-malloc.o) (_malloc_r)
D:/STM/STM32CubeIDE_1.18.0/STM32CubeIDE/plugins/com.st.stm32cube.ide.mcu.externaltools.gnu-tools-for-stm32.13.3.rel1.win32_1.0.0.202411081344/tools/bin/../lib/gcc/arm-none-eabi/13.3.1/../../../../arm-none-eabi/lib/thumb/v6-m/nofp\libc_nano.a(libc_a-mlock.o)
                              D:/STM/STM32CubeIDE_1.18.0/STM32CubeIDE/plugins/com.st.stm32cube.ide.mcu.externaltools.gnu-tools-for-stm32.13.3.rel1.win32_1.0.0.202411081344/tools/bin/../lib/gcc/arm-none-eabi/13.3.1/../../../../arm-none-eabi/lib/thumb/v6-m/nofp\libc_nano.a(libc_a-mallocr.o) (__malloc_lock)
D:/STM/STM32CubeIDE_1.18.0/STM32CubeIDE/plugins/com.st.stm32cube.ide.mcu.externaltools.gnu-tools-for-stm32.13.3.rel1.win32_1.0.0.202411081344/tools/bin/../lib/gcc/arm-none-eabi/13.3.1/../../../../arm-none-eabi/lib/thumb/v6-m/nofp\libc_nano.a(libc_a-findfp.o)
                              D:/STM/STM32CubeIDE_1.18.0/STM32CubeIDE/plugins/com.st.stm32cube.ide.mcu.externaltools.gnu-tools-for-stm32.13.3.rel1.win32_1.0.0.202411081344/tools/bin/../lib/gcc/arm-none-eabi/13.3.1/../../../../arm-none-eabi/lib/thumb/v6-m/nofp\libc_nano.a(libc_a-exit.o) (__stdio_exit_handler)
D:/STM/STM32CubeIDE_1.18.0/STM32CubeIDE/plugins/com.st.stm32cube.ide.mcu.externaltools.gnu-tools-for-stm32.13.3.rel1.win32_1.0.0.202411081344/tools/bin/../lib/gcc/arm-none-eabi/13.3.1/../../../../arm-none-eabi/lib/thumb/v6-m/nofp\libc_nano.a(libc_a-fwalk.o)
[...]
Memory Configuration

Name             Origin             Length             Attributes
RAM              0x20000000         0x00024000         xrw
FLASH            0x08000000         0x00080000         xr
*default*        0x00000000         0xffffffff

Linker script and memory map

LOAD D:/STM/STM32CubeIDE_1.18.0/STM32CubeIDE/plugins/com.st.stm32cube.ide.mcu.externaltools.gnu-tools-for-stm32.13.3.rel1.win32_1.0.0.202411081344/tools/bin/../lib/gcc/arm-none-eabi/13.3.1/thumb/v6-m/nofp/crti.o
LOAD D:/STM/STM32CubeIDE_1.18.0/STM32CubeIDE/plugins/com.st.stm32cube.ide.mcu.externaltools.gnu-tools-for-stm32.13.3.rel1.win32_1.0.0.202411081344/tools/bin/../lib/gcc/arm-none-eabi/13.3.1/thumb/v6-m/nofp/crtbegin.o
LOAD D:/STM/STM32CubeIDE_1.18.0/STM32CubeIDE/plugins/com.st.stm32cube.ide.mcu.externaltools.gnu-tools-for-stm32.13.3.rel1.win32_1.0.0.202411081344/tools/bin/../lib/gcc/arm-none-eabi/13.3.1/../../../../arm-none-eabi/lib/thumb/v6-m/nofp/crt0.o
LOAD ./Core/Src/app_freertos.o
LOAD ./Core/Src/main.o
LOAD ./Core/Src/stm32g0xx_hal_msp.o
LOAD ./Core/Src/stm32g0xx_it.o
LOAD ./Core/Src/syscalls.o
LOAD ./Core/Src/sysmem.o
LOAD ./Core/Src/system_stm32g0xx.o
LOAD ./Core/Startup/startup_stm32g0b1retx.o
LOAD ./Drivers/STM32G0xx_HAL_Driver/Src/stm32g0xx_hal.o
LOAD ./Drivers/STM32G0xx_HAL_Driver/Src/stm32g0xx_hal_adc.o
LOAD ./Drivers/STM32G0xx_HAL_Driver/Src/stm32g0xx_hal_adc_ex.o
LOAD ./Drivers/STM32G0xx_HAL_Driver/Src/stm32g0xx_hal_cortex.o
LOAD ./Drivers/STM32G0xx_HAL_Driver/Src/stm32g0xx_hal_dma.o
LOAD ./Drivers/STM32G0xx_HAL_Driver/Src/stm32g0xx_hal_dma_ex.o
LOAD ./Drivers/STM32G0xx_HAL_Driver/Src/stm32g0xx_hal_exti.o
LOAD ./Drivers/STM32G0xx_HAL_Driver/Src/stm32g0xx_hal_flash.o
LOAD ./Drivers/STM32G0xx_HAL_Driver/Src/stm32g0xx_hal_flash_ex.o
LOAD ./Drivers/STM32G0xx_HAL_Driver/Src/stm32g0xx_hal_gpio.o
LOAD ./Drivers/STM32G0xx_HAL_Driver/Src/stm32g0xx_hal_pwr.o
LOAD ./Drivers/STM32G0xx_HAL_Driver/Src/stm32g0xx_hal_pwr_ex.o
LOAD ./Drivers/STM32G0xx_HAL_Driver/Src/stm32g0xx_hal_rcc.o
LOAD ./Drivers/STM32G0xx_HAL_Driver/Src/stm32g0xx_hal_rcc_ex.o
LOAD ./Drivers/STM32G0xx_HAL_Driver/Src/stm32g0xx_ll_adc.o
LOAD ./Drivers/STM32G0xx_HAL_Driver/Src/stm32g0xx_ll_crs.o
LOAD ./Drivers/STM32G0xx_HAL_Driver/Src/stm32g0xx_ll_dma.o
LOAD ./Drivers/STM32G0xx_HAL_Driver/Src/stm32g0xx_ll_exti.o
LOAD ./Drivers/STM32G0xx_HAL_Driver/Src/stm32g0xx_ll_gpio.o
LOAD ./Drivers/STM32G0xx_HAL_Driver/Src/stm32g0xx_ll_lpuart.o
LOAD ./Drivers/STM32G0xx_HAL_Driver/Src/stm32g0xx_ll_rcc.o
LOAD ./Drivers/STM32G0xx_HAL_Driver/Src/stm32g0xx_ll_tim.o
LOAD ./Drivers/STM32G0xx_HAL_Driver/Src/stm32g0xx_ll_ucpd.o
LOAD ./Drivers/STM32G0xx_HAL_Driver/Src/stm32g0xx_ll_usart.o
LOAD ./Drivers/STM32G0xx_HAL_Driver/Src/stm32g0xx_ll_utils.o
LOAD ./Middlewares/ST/STM32_USBPD_Library/Core/src/usbpd_trace.o
LOAD ./Middlewares/ST/STM32_USBPD_Library/Devices/STM32G0XX/src/usbpd_cad_hw_if.o
LOAD ./Middlewares/ST/STM32_USBPD_Library/Devices/STM32G0XX/src/usbpd_hw.o
LOAD ./Middlewares/ST/STM32_USBPD_Library/Devices/STM32G0XX/src/usbpd_hw_if_it.o
LOAD ./Middlewares/ST/STM32_USBPD_Library/Devices/STM32G0XX/src/usbpd_phy.o
LOAD ./Middlewares/ST/STM32_USBPD_Library/Devices/STM32G0XX/src/usbpd_phy_hw_if.o
LOAD ./Middlewares/ST/STM32_USBPD_Library/Devices/STM32G0XX/src/usbpd_pwr_hw_if.o
LOAD ./Middlewares/ST/STM32_USBPD_Library/Devices/STM32G0XX/src/usbpd_timersserver.o
LOAD ./Middlewares/Third_Party/FreeRTOS/Source/CMSIS_RTOS/cmsis_os.o
LOAD ./Middlewares/Third_Party/FreeRTOS/Source/croutine.o
LOAD ./Middlewares/Third_Party/FreeRTOS/Source/event_groups.o
LOAD ./Middlewares/Third_Party/FreeRTOS/Source/list.o
LOAD ./Middlewares/Third_Party/FreeRTOS/Source/queue.o
LOAD ./Middlewares/Third_Party/FreeRTOS/Source/stream_buffer.o
LOAD ./Middlewares/Third_Party/FreeRTOS/Source/tasks.o
LOAD ./Middlewares/Third_Party/FreeRTOS/Source/timers.o
LOAD ./Middlewares/Third_Party/FreeRTOS/Source/portable/GCC/ARM_CM0/port.o
LOAD ./Middlewares/Third_Party/FreeRTOS/Source/portable/MemMang/heap_4.o
LOAD ./TCPP/App/app_tcpp.o
LOAD ./USBPD/App/usbpd.o
LOAD ./USBPD/App/usbpd_dpm_core.o
LOAD ./USBPD/App/usbpd_pwr_if.o
LOAD ./USBPD/Target/usbpd_dpm_user.o
LOAD ./USBPD/Target/usbpd_pwr_user.o
LOAD ./USBPD/Target/usbpd_vdm_user.o
LOAD ./Utilities/GUI_INTERFACE/bsp_gui.o
LOAD ./Utilities/GUI_INTERFACE/data_struct_tlv.o
LOAD ./Utilities/GUI_INTERFACE/gui_api.o
LOAD ./Utilities/TRACER_EMB/tracer_emb.o
LOAD ./Utilities/TRACER_EMB/tracer_emb_hw.o
LOAD ../Middlewares/ST/STM32_USBPD_Library/Core/lib\USBPDCORE_PD3_FULL_CM0PLUS_wc32.a
START GROUP
LOAD D:/STM/STM32CubeIDE_1.18.0/STM32CubeIDE/plugins/com.st.stm32cube.ide.mcu.externaltools.gnu-tools-for-stm32.13.3.rel1.win32_1.0.0.202411081344/tools/bin/../lib/gcc/arm-none-eabi/13.3.1/../../../../arm-none-eabi/lib/thumb/v6-m/nofp\libc_nano.a
LOAD D:/STM/STM32CubeIDE_1.18.0/STM32CubeIDE/plugins/com.st.stm32cube.ide.mcu.externaltools.gnu-tools-for-stm32.13.3.rel1.win32_1.0.0.202411081344/tools/bin/../lib/gcc/arm-none-eabi/13.3.1/../../../../arm-none-eabi/lib/thumb/v6-m/nofp\libm.a
END GROUP
START GROUP
LOAD D:/STM/STM32CubeIDE_1.18.0/STM32CubeIDE/plugins/com.st.stm32cube.ide.mcu.externaltools.gnu-tools-for-stm32.13.3.rel1.win32_1.0.0.202411081344/tools/bin/../lib/gcc/arm-none-eabi/13.3.1/thumb/v6-m/nofp\libgcc.a
LOAD D:/STM/STM32CubeIDE_1.18.0/STM32CubeIDE/plugins/com.st.stm32cube.ide.mcu.externaltools.gnu-tools-for-stm32.13.3.rel1.win32_1.0.0.202411081344/tools/bin/../lib/gcc/arm-none-eabi/13.3.1/../../../../arm-none-eabi/lib/thumb/v6-m/nofp\libc_nano.a
END GROUP
START GROUP
LOAD D:/STM/STM32CubeIDE_1.18.0/STM32CubeIDE/plugins/com.st.stm32cube.ide.mcu.externaltools.gnu-tools-for-stm32.13.3.rel1.win32_1.0.0.202411081344/tools/bin/../lib/gcc/arm-none-eabi/13.3.1/thumb/v6-m/nofp\libgcc.a
LOAD D:/STM/STM32CubeIDE_1.18.0/STM32CubeIDE/plugins/com.st.stm32cube.ide.mcu.externaltools.gnu-tools-for-stm32.13.3.rel1.win32_1.0.0.202411081344/tools/bin/../lib/gcc/arm-none-eabi/13.3.1/../../../../arm-none-eabi/lib/thumb/v6-m/nofp\libc_nano.a
LOAD D:/STM/STM32CubeIDE_1.18.0/STM32CubeIDE/plugins/com.st.stm32cube.ide.mcu.externaltools.gnu-tools-for-stm32.13.3.rel1.win32_1.0.0.202411081344/tools/bin/../lib/gcc/arm-none-eabi/13.3.1/../../../../arm-none-eabi/lib/thumb/v6-m/nofp\libnosys.a
END GROUP
START GROUP
LOAD D:/STM/STM32CubeIDE_1.18.0/STM32CubeIDE/plugins/com.st.stm32cube.ide.mcu.externaltools.gnu-tools-for-stm32.13.3.rel1.win32_1.0.0.202411081344/tools/bin/../lib/gcc/arm-none-eabi/13.3.1/thumb/v6-m/nofp\libgcc.a
LOAD D:/STM/STM32CubeIDE_1.18.0/STM32CubeIDE/plugins/com.st.stm32cube.ide.mcu.externaltools.gnu-tools-for-stm32.13.3.rel1.win32_1.0.0.202411081344/tools/bin/../lib/gcc/arm-none-eabi/13.3.1/../../../../arm-none-eabi/lib/thumb/v6-m/nofp\libc_nano.a
LOAD D:/STM/STM32CubeIDE_1.18.0/STM32CubeIDE/plugins/com.st.stm32cube.ide.mcu.externaltools.gnu-tools-for-stm32.13.3.rel1.win32_1.0.0.202411081344/tools/bin/../lib/gcc/arm-none-eabi/13.3.1/../../../../arm-none-eabi/lib/thumb/v6-m/nofp\libnosys.a
END GROUP
LOAD D:/STM/STM32CubeIDE_1.18.0/STM32CubeIDE/plugins/com.st.stm32cube.ide.mcu.externaltools.gnu-tools-for-stm32.13.3.rel1.win32_1.0.0.202411081344/tools/bin/../lib/gcc/arm-none-eabi/13.3.1/thumb/v6-m/nofp/crtend.o
LOAD D:/STM/STM32CubeIDE_1.18.0/STM32CubeIDE/plugins/com.st.stm32cube.ide.mcu.externaltools.gnu-tools-for-stm32.13.3.rel1.win32_1.0.0.202411081344/tools/bin/../lib/gcc/arm-none-eabi/13.3.1/thumb/v6-m/nofp/crtn.o
                0x20024000                        _estack = (ORIGIN (RAM) + LENGTH (RAM))
                0x00000c00                        _Min_Heap_Size = 0xc00
                0x00000400                        _Min_Stack_Size = 0x400

.isr_vector     0x08000000       0xbc
                0x08000000                        . = ALIGN (0x4)
 *(.isr_vector)
 .isr_vector    0x08000000       0xbc ./Core/Startup/startup_stm32g0b1retx.o
                0x08000000                g_pfnVectors
                0x080000bc                        . = ALIGN (0x4)

.text           0x080000c0    0x17dc0
                0x080000c0                        . = ALIGN (0x4)
 *(.text)
 .text          0x080000c0       0x48 D:/STM/STM32CubeIDE_1.18.0/STM32CubeIDE/plugins/com.st.stm32cube.ide.mcu.externaltools.gnu-tools-for-stm32.13.3.rel1.win32_1.0.0.202411081344/tools/bin/../lib/gcc/arm-none-eabi/13.3.1/thumb/v6-m/nofp/crtbegin.o
 .text          0x08000108      0x1ba ../Middlewares/ST/STM32_USBPD_Library/Core/lib\USBPDCORE_PD3_FULL_CM0PLUS_wc32.a(usbpd_cad.o)
                0x08000108                USBPD_CAD_Init
                0x08000162                USBPD_CAD_PortEnable
                0x08000170                USBPD_CAD_Process
                0x0800027c                USBPD_CAD_AssertRd
                0x0800028c                USBPD_CAD_AssertRp
                0x0800029c                USBPD_CAD_EnterErrorRecovery
                0x080002a4                USBPD_CAD_SRC_SetRpResistor
                0x080002b6                USBPD_CAD_SetRpResistor
                0x080002be                USBPD_CAD_GetMemoryConsumption
 *fill*         0x080002c2        0x2 
 .text          0x080002c4     0x120c ../Middlewares/ST/STM32_USBPD_Library/Core/lib\USBPDCORE_PD3_FULL_CM0PLUS_wc32.a(usbpd_pe.o)
                0x080002c4                USBPD_PE_Init
                0x0800037e                USBPD_PE_TimerCounter
                0x080003c6                USBPD_PE_TimerCounteUpdate
                0x0800042c                USBPD_PE_IsCableConnected
                0x0800044e                USBPD_PE_StateMachine_Reset
                0x0800045a                USBPD_PE_StateMachine_Stop
                0x08000462                USBPD_PE_StateMachine_DRP
                0x08000480                USBPD_PE_Notification
                0x080004ae                USBPD_PE_InitVDM_Callback
                0x080004b8                USBPD_PE_Request_HardReset
                0x080004d0                USBPD_PE_Request_CableReset
                0x08000504                USBPD_PE_Request_CtrlMessage
                0x0800065c                USBPD_PE_Request_DataMessage
                0x08000708                USBPD_PE_Send_Request
                0x08000774                USBPD_PE_SendExtendedMessage
                0x0800088c                PE_Send_RESET
                0x080008bc                PE_Get_SpecRevision
                0x080008cc                PE_ChangePowerRole
                0x080008e8                PE_Get_RxEvent
                0x08000956                PE_Clear_RxEvent
                0x080009a0                PE_PRL_Control_RxEvent
                0x080009c8                PE_Convert_SOPRxEvent
                0x080009e4                PE_Check_AMSConflict
                0x08000a58                PE_PRL_ResetReceived
                0x08000ab0                PE_PRL_BistCompleted
                0x08000ab2                PE_Reset_HardReset
                0x08000b24                PE_Reset_ZI
                0x08000b90                PE_Reset_Counter
                0x08000ba0                PE_Reset_StateMachine
                0x08000bf4                PE_ExtRevisionInteroperability
                0x08000c3c                PE_PRL_FastRoleSwapReception
                0x08000c68                PE_PRL_PostReceiveEvent
                0x08000ca0                PE_PRL_PostReceiveEventError
                0x08000cd0                PE_PRL_PostReceiveEventCopy
                0x08000d04                PE_PRL_PostReceiveEventComplete
                0x08000d44                PE_Get_UnchunkedSupport
                0x08000d68                PE_SubStateMachine_Generic
                0x08001334                PE_SubStateMachine_ReceiveDRS
                0x0800137e                PE_UpdateTimer
                0x08001394                PE_CallHardResetCallback
                0x080013a6                PE_SetPowerNegotiation
                0x080013ce                USBPD_PE_ExecFastRoleSwapSignalling
                0x080013f4                PE_CalculateMinTiming
                0x0800141c                PE_SetPowerNegociation
                0x0800144c                PE_CheckDataSizeFromGetDataInfo
                0x0800147c                PE_SwitchDataRole
 .text          0x080014d0       0x40 ../Middlewares/ST/STM32_USBPD_Library/Core/lib\USBPDCORE_PD3_FULL_CM0PLUS_wc32.a(usbpd_pe_lib.o)
                0x080014d0                USBPD_PE_SetTrace
                0x080014dc                USBPD_PE_CheckLIB
                0x080014f8                USBPD_PE_GetMemoryConsumption
                0x0800150e                PE_Trace_Empty
 .text          0x08001510      0x918 ../Middlewares/ST/STM32_USBPD_Library/Core/lib\USBPDCORE_PD3_FULL_CM0PLUS_wc32.a(usbpd_pe_msg.o)
                0x08001510                PE_Send_CtrlMessage
                0x08001566                PE_Send_DataMessage
                0x080015e0                PE_Check_ExtendedMessage
                0x080017cc                PE_Send_ExtendedMessage
                0x08001824                PE_SubStateMachine_ExtendedMessages
                0x08001a70                PE_ManageRXEvent
                0x08001a9c                PE_Check_ControlMessage
                0x08001c62                PE_Check_DataMessage
                0x08001dac                PE_CheckSendMessageStatus
 .text          0x08001e28      0xd64 ../Middlewares/ST/STM32_USBPD_Library/Core/lib\USBPDCORE_PD3_FULL_CM0PLUS_wc32.a(usbpd_pe_snk.o)
                0x08001e28                USBPD_PE_StateMachine_SNK
                0x08002a64                PE_StateMachine_SNK_ReadyWait
 .text          0x08002b8c      0xf9c ../Middlewares/ST/STM32_USBPD_Library/Core/lib\USBPDCORE_PD3_FULL_CM0PLUS_wc32.a(usbpd_pe_src.o)
                0x08002b8c                USBPD_PE_StateMachine_SRC
                0x08003ab8                PE_Send_SRCCapabilities
 .text          0x08003b28      0x52c ../Middlewares/ST/STM32_USBPD_Library/Core/lib\USBPDCORE_PD3_FULL_CM0PLUS_wc32.a(usbpd_pe_vconn.o)
                0x08003b28                PE_StateMachine_VDMCable
                0x08003da8                PE_SubStateMachine_VconnSwap
 .text          0x08004054     0x15d4 ../Middlewares/ST/STM32_USBPD_Library/Core/lib\USBPDCORE_PD3_FULL_CM0PLUS_wc32.a(usbpd_pe_vdm.o)
                0x08004054                USBPD_PE_SVDM_RequestIdentity
                0x080040da                USBPD_PE_SVDM_RequestSVID
                0x0800413a                USBPD_PE_SVDM_RequestMode
                0x080041a0                USBPD_PE_SVDM_RequestModeEnter
                0x0800421e                USBPD_PE_SVDM_RequestModeExit
                0x0800429c                USBPD_PE_SVDM_RequestSpecific
                0x08004308                USBPD_PE_SVDM_RequestAttention
                0x08004368                USBPD_PE_UVDM_RequestMessage
                0x080043be                PE_Receive_SVDM
                0x080044c4                PE_StateMachine_VDM
                0x08005268                PE_StateMachine_UVDM
                0x080052f0                PE_Check_DataMessageVDM
                0x080053c0                PE_SVDM_CheckIdentity
                0x0800554e                PE_SVDM_CheckSVIDs
                0x080055d0                PE_SVDM_CheckModes
 .text          0x08005628      0xba4 ../Middlewares/ST/STM32_USBPD_Library/Core/lib\USBPDCORE_PD3_FULL_CM0PLUS_wc32.a(usbpd_prl.o)
                0x08005628                USBPD_PRL_TimerCounter
                0x0800564c                USBPD_PRL_Init
                0x080056bc                USBPD_PRL_GetMemoryConsumption
                0x080056c2                USBPD_PRL_SetHeader
                0x080056fa                USBPD_PRL_SetHeaderPowerRole
                0x0800570e                USBPD_PRL_SetHeaderDataRole
                0x08005726                USBPD_PRL_SetHeaderSpecification
                0x0800573e                USBPD_PRL_CBL_SetHeaderSpecification
                0x0800575e                USBPD_PRL_SRCSetSinkNG
                0x08005766                USBPD_PRL_SRCReleaseSinkNG
                0x0800578c                USBPD_PRL_IsResistor_SinkTxOK
                0x08005794                USBPD_PRL_FastRoleSwapSignalling
                0x080057a4                USBPD_PRL_SOPCapability
                0x080057ac                USBPD_PRL_SendMessage
                0x08005c00                USBPD_PRL_ResetRequestProcess
                0x08005c5a                USBDPD_PRL_BistCarrierEyeMode
                0x08005c6a                USBDPD_PRL_BistCarrierEyeModeExit
                0x08005c7c                USBPD_PRL_Reset
                0x08005cc8                USBPD_PRL_Stop
                0x08005cd0                USBPD_PRL_DeInit
                0x080060ee                USBPD_PRL_PrepareExtendedTxChunkSending
                0x0800613e                USBPD_PRL_PrepareChunkRequest
 .text          0x080061cc        0xe D:/STM/STM32CubeIDE_1.18.0/STM32CubeIDE/plugins/com.st.stm32cube.ide.mcu.externaltools.gnu-tools-for-stm32.13.3.rel1.win32_1.0.0.202411081344/tools/bin/../lib/gcc/arm-none-eabi/13.3.1/../../../../arm-none-eabi/lib/thumb/v6-m/nofp\libc_nano.a(libc_a-strlen.o)
                0x080061cc                strlen
 *fill*         0x080061da        0x2 
 .text          0x080061dc       0x14 D:/STM/STM32CubeIDE_1.18.0/STM32CubeIDE/plugins/com.st.stm32cube.ide.mcu.externaltools.gnu-tools-for-stm32.13.3.rel1.win32_1.0.0.202411081344/tools/bin/../lib/gcc/arm-none-eabi/13.3.1/thumb/v6-m/nofp\libgcc.a(_thumb1_case_shi.o)
                0x080061dc                __gnu_thumb1_case_shi
 .text          0x080061f0      0x114 D:/STM/STM32CubeIDE_1.18.0/STM32CubeIDE/plugins/com.st.stm32cube.ide.mcu.externaltools.gnu-tools-for-stm32.13.3.rel1.win32_1.0.0.202411081344/tools/bin/../lib/gcc/arm-none-eabi/13.3.1/thumb/v6-m/nofp\libgcc.a(_udivsi3.o)
                0x080061f0                __aeabi_uidiv
                0x080061f0                __udivsi3
                0x080062fc                __aeabi_uidivmod
 .text          0x08006304      0x1d4 D:/STM/STM32CubeIDE_1.18.0/STM32CubeIDE/plugins/com.st.stm32cube.ide.mcu.externaltools.gnu-tools-for-stm32.13.3.rel1.win32_1.0.0.202411081344/tools/bin/../lib/gcc/arm-none-eabi/13.3.1/thumb/v6-m/nofp\libgcc.a(_divsi3.o)
                0x08006304                __divsi3
                0x08006304                __aeabi_idiv
                0x080064d0                __aeabi_idivmod
 .text          0x080064d8        0x4 D:/STM/STM32CubeIDE_1.18.0/STM32CubeIDE/plugins/com.st.stm32cube.ide.mcu.externaltools.gnu-tools-for-stm32.13.3.rel1.win32_1.0.0.202411081344/tools/bin/../lib/gcc/arm-none-eabi/13.3.1/thumb/v6-m/nofp\libgcc.a(_dvmd_tls.o)
                0x080064d8                __aeabi_idiv0
                0x080064d8                __aeabi_ldiv0
 .text          0x080064dc       0x40 D:/STM/STM32CubeIDE_1.18.0/STM32CubeIDE/plugins/com.st.stm32cube.ide.mcu.externaltools.gnu-tools-for-stm32.13.3.rel1.win32_1.0.0.202411081344/tools/bin/../lib/gcc/arm-none-eabi/13.3.1/thumb/v6-m/nofp\libgcc.a(_aeabi_uldivmod.o)
                0x080064dc                __aeabi_uldivmod
 .text          0x0800651c      0x198 D:/STM/STM32CubeIDE_1.18.0/STM32CubeIDE/plugins/com.st.stm32cube.ide.mcu.externaltools.gnu-tools-for-stm32.13.3.rel1.win32_1.0.0.202411081344/tools/bin/../lib/gcc/arm-none-eabi/13.3.1/thumb/v6-m/nofp\libgcc.a(_udivmoddi4.o)
                0x0800651c                __udivmoddi4
 .text          0x080066b4       0x18 D:/STM/STM32CubeIDE_1.18.0/STM32CubeIDE/plugins/com.st.stm32cube.ide.mcu.externaltools.gnu-tools-for-stm32.13.3.rel1.win32_1.0.0.202411081344/tools/bin/../lib/gcc/arm-none-eabi/13.3.1/thumb/v6-m/nofp\libgcc.a(_clzdi2.o)
                0x080066b4                __clzdi2
 .text          0x080066cc       0x3c D:/STM/STM32CubeIDE_1.18.0/STM32CubeIDE/plugins/com.st.stm32cube.ide.mcu.externaltools.gnu-tools-for-stm32.13.3.rel1.win32_1.0.0.202411081344/tools/bin/../lib/gcc/arm-none-eabi/13.3.1/thumb/v6-m/nofp\libgcc.a(_clzsi2.o)
                0x080066cc                __clzsi2
 *(.text*)
 .text.__NVIC_EnableIRQ
                0x08006708       0x34 ./Core/Src/main.o
 .text.__NVIC_SetPriority
                0x0800673c       0xdc ./Core/Src/main.o
 .text.LL_DMA_SetDataTransferDirection
                0x08006818       0x4c ./Core/Src/main.o
 .text.LL_DMA_SetMode
                0x08006864       0x48 ./Core/Src/main.o
 .text.LL_DMA_SetPeriphIncMode
                0x080068ac       0x48 ./Core/Src/main.o
 .text.LL_DMA_SetMemoryIncMode
                0x080068f4       0x48 ./Core/Src/main.o
 .text.LL_DMA_SetPeriphSize
                0x0800693c       0x4c ./Core/Src/main.o
 .text.LL_DMA_SetMemorySize
                0x08006988       0x4c ./Core/Src/main.o
 .text.LL_DMA_SetChannelPriorityLevel
                0x080069d4       0x4c ./Core/Src/main.o
 .text.LL_DMA_SetPeriphRequest
                0x08006a20       0x58 ./Core/Src/main.o
 .text.LL_LPUART_Enable
                0x08006a78       0x1c ./Core/Src/main.o
 .text.LL_LPUART_DisableFIFO
                0x08006a94       0x20 ./Core/Src/main.o
 .text.LL_LPUART_SetTXFIFOThreshold
                0x08006ab4       0x46 ./Core/Src/main.o
 *fill*         0x08006afa        0x2 
 .text.LL_LPUART_SetRXFIFOThreshold
                0x08006afc       0x4c ./Core/Src/main.o
 .text.LL_LPUART_IsActiveFlag_TEACK
                0x08006b48       0x28 ./Core/Src/main.o
 .text.LL_LPUART_IsActiveFlag_REACK
                0x08006b70       0x28 ./Core/Src/main.o
 .text.LL_APB1_GRP1_EnableClock
                0x08006b98       0x2c ./Core/Src/main.o
 .text.LL_IOP_GRP1_EnableClock
                0x08006bc4       0x2c ./Core/Src/main.o
 .text.main     0x08006bf0       0x54 ./Core/Src/main.o
                0x08006bf0                main
 .text.SystemClock_Config
                0x08006c44       0xbc ./Core/Src/main.o
                0x08006c44                SystemClock_Config
 .text.MX_LPUART1_UART_Init
                0x08006d00      0x1c4 ./Core/Src/main.o
 .text.MX_UCPD1_Init
                0x08006ec4      0x14c ./Core/Src/main.o
 .text.MX_DMA_Init
                0x08007010       0x48 ./Core/Src/main.o
 .text.MX_GPIO_Init
                0x08007058       0x44 ./Core/Src/main.o
 .text.StartDefaultTask
                0x0800709c       0x10 ./Core/Src/main.o
                0x0800709c                StartDefaultTask
 .text.Error_Handler
                0x080070ac        0xc ./Core/Src/main.o
                0x080070ac                Error_Handler
 .text.HAL_MspInit
                0x080070b8       0x60 ./Core/Src/stm32g0xx_hal_msp.o
                0x080070b8                HAL_MspInit
 .text.NMI_Handler
                0x08007118        0x8 ./Core/Src/stm32g0xx_it.o
                0x08007118                NMI_Handler
 .text.HardFault_Handler
                0x08007120        0x8 ./Core/Src/stm32g0xx_it.o
                0x08007120                HardFault_Handler
 .text.SysTick_Handler
                0x08007128       0x24 ./Core/Src/stm32g0xx_it.o
                0x08007128                SysTick_Handler
 .text.USB_UCPD1_2_IRQHandler
                0x0800714c        0xe ./Core/Src/stm32g0xx_it.o
                0x0800714c                USB_UCPD1_2_IRQHandler
 .text.DMA1_Channel2_3_IRQHandler
                0x0800715a        0xe ./Core/Src/stm32g0xx_it.o
                0x0800715a                DMA1_Channel2_3_IRQHandler
 .text.DMA1_Ch4_7_DMA2_Ch1_5_DMAMUX1_OVR_IRQHandler
                0x08007168        0xa ./Core/Src/stm32g0xx_it.o
                0x08007168                DMA1_Ch4_7_DMA2_Ch1_5_DMAMUX1_OVR_IRQHandler
 .text.USART3_4_5_6_LPUART1_IRQHandler
                0x08007172        0xe ./Core/Src/stm32g0xx_it.o
                0x08007172                USART3_4_5_6_LPUART1_IRQHandler
 .text._sbrk    0x08007180       0x6c ./Core/Src/sysmem.o
                0x08007180                _sbrk
 .text.SystemInit
                0x080071ec        0xa ./Core/Src/system_stm32g0xx.o
                0x080071ec                SystemInit
 *fill*         0x080071f6        0x2 
 .text.Reset_Handler
                0x080071f8       0x50 ./Core/Startup/startup_stm32g0b1retx.o
                0x080071f8                Reset_Handler
 .text.Default_Handler
                0x08007248        0x2 ./Core/Startup/startup_stm32g0b1retx.o
                0x08007248                I2C2_3_IRQHandler
                0x08007248                TIM1_CC_IRQHandler
                0x08007248                ADC1_COMP_IRQHandler
                0x08007248                I2C1_IRQHandler
                0x08007248                TIM7_LPTIM2_IRQHandler
                0x08007248                TIM17_FDCAN_IT1_IRQHandler
                0x08007248                RCC_CRS_IRQHandler
                0x08007248                RTC_TAMP_IRQHandler
                0x08007248                SPI1_IRQHandler
                0x08007248                EXTI2_3_IRQHandler
                0x08007248                USART2_LPUART2_IRQHandler
                0x08007248                PVD_VDDIO2_IRQHandler
                0x08007248                EXTI4_15_IRQHandler
                0x08007248                DMA1_Channel1_IRQHandler
                0x08007248                Default_Handler
                0x08007248                CEC_IRQHandler
                0x08007248                TIM14_IRQHandler
                0x08007248                TIM15_IRQHandler
                0x08007248                TIM3_TIM4_IRQHandler
                0x08007248                EXTI0_1_IRQHandler
                0x08007248                SPI2_3_IRQHandler
                0x08007248                TIM6_DAC_LPTIM1_IRQHandler
                0x08007248                WWDG_IRQHandler
                0x08007248                TIM2_IRQHandler
                0x08007248                FLASH_IRQHandler
                0x08007248                USART1_IRQHandler
                0x08007248                TIM16_FDCAN_IT0_IRQHandler
                0x08007248                TIM1_BRK_UP_TRG_COM_IRQHandler
 *fill*         0x0800724a        0x2 
 .text.HAL_Init
                0x0800724c       0x40 ./Drivers/STM32G0xx_HAL_Driver/Src/stm32g0xx_hal.o
                0x0800724c                HAL_Init
 .text.HAL_InitTick
                0x0800728c       0x94 ./Drivers/STM32G0xx_HAL_Driver/Src/stm32g0xx_hal.o
                0x0800728c                HAL_InitTick
 .text.HAL_IncTick
                0x08007320       0x24 ./Drivers/STM32G0xx_HAL_Driver/Src/stm32g0xx_hal.o
                0x08007320                HAL_IncTick
 .text.HAL_GetTick
                0x08007344       0x14 ./Drivers/STM32G0xx_HAL_Driver/Src/stm32g0xx_hal.o
                0x08007344                HAL_GetTick
 .text.HAL_Delay
                0x08007358       0x48 ./Drivers/STM32G0xx_HAL_Driver/Src/stm32g0xx_hal.o
                0x08007358                HAL_Delay
 .text.HAL_SYSCFG_StrobeDBattpinsConfig
                0x080073a0       0x2c ./Drivers/STM32G0xx_HAL_Driver/Src/stm32g0xx_hal.o
                0x080073a0                HAL_SYSCFG_StrobeDBattpinsConfig
 .text.LL_ADC_SetCommonPathInternalCh
                0x080073cc       0x28 ./Drivers/STM32G0xx_HAL_Driver/Src/stm32g0xx_hal_adc.o
 .text.LL_ADC_GetCommonPathInternalCh
                0x080073f4       0x1a ./Drivers/STM32G0xx_HAL_Driver/Src/stm32g0xx_hal_adc.o
 .text.LL_ADC_SetSamplingTimeCommonChannels
                0x0800740e       0x3a ./Drivers/STM32G0xx_HAL_Driver/Src/stm32g0xx_hal_adc.o
 .text.LL_ADC_GetSamplingTimeCommonChannels
                0x08007448       0x2e ./Drivers/STM32G0xx_HAL_Driver/Src/stm32g0xx_hal_adc.o
 .text.LL_ADC_REG_SetSequencerRanks
                0x08007476       0x40 ./Drivers/STM32G0xx_HAL_Driver/Src/stm32g0xx_hal_adc.o
 .text.LL_ADC_REG_SetSequencerChAdd
                0x080074b6       0x22 ./Drivers/STM32G0xx_HAL_Driver/Src/stm32g0xx_hal_adc.o
 .text.LL_ADC_REG_SetSequencerChRem
                0x080074d8       0x24 ./Drivers/STM32G0xx_HAL_Driver/Src/stm32g0xx_hal_adc.o
 .text.LL_ADC_SetChannelSamplingTime
                0x080074fc       0x38 ./Drivers/STM32G0xx_HAL_Driver/Src/stm32g0xx_hal_adc.o
 .text.LL_ADC_EnableInternalRegulator
                0x08007534       0x28 ./Drivers/STM32G0xx_HAL_Driver/Src/stm32g0xx_hal_adc.o
 .text.LL_ADC_IsInternalRegulatorEnabled
                0x0800755c       0x28 ./Drivers/STM32G0xx_HAL_Driver/Src/stm32g0xx_hal_adc.o
 .text.LL_ADC_Enable
                0x08007584       0x24 ./Drivers/STM32G0xx_HAL_Driver/Src/stm32g0xx_hal_adc.o
 .text.LL_ADC_Disable
                0x080075a8       0x24 ./Drivers/STM32G0xx_HAL_Driver/Src/stm32g0xx_hal_adc.o
 .text.LL_ADC_IsEnabled
                0x080075cc       0x22 ./Drivers/STM32G0xx_HAL_Driver/Src/stm32g0xx_hal_adc.o
 .text.LL_ADC_IsDisableOngoing
                0x080075ee       0x22 ./Drivers/STM32G0xx_HAL_Driver/Src/stm32g0xx_hal_adc.o
 .text.LL_ADC_REG_StartConversion
                0x08007610       0x24 ./Drivers/STM32G0xx_HAL_Driver/Src/stm32g0xx_hal_adc.o
 .text.LL_ADC_REG_IsConversionOngoing
                0x08007634       0x22 ./Drivers/STM32G0xx_HAL_Driver/Src/stm32g0xx_hal_adc.o
 *fill*         0x08007656        0x2 
 .text.HAL_ADC_Init
                0x08007658      0x350 ./Drivers/STM32G0xx_HAL_Driver/Src/stm32g0xx_hal_adc.o
                0x08007658                HAL_ADC_Init
 .text.HAL_ADC_MspInit
                0x080079a8       0x10 ./Drivers/STM32G0xx_HAL_Driver/Src/stm32g0xx_hal_adc.o
                0x080079a8                HAL_ADC_MspInit
 .text.HAL_ADC_Start
                0x080079b8       0x9c ./Drivers/STM32G0xx_HAL_Driver/Src/stm32g0xx_hal_adc.o
                0x080079b8                HAL_ADC_Start
 .text.HAL_ADC_ConfigChannel
                0x08007a54      0x3b0 ./Drivers/STM32G0xx_HAL_Driver/Src/stm32g0xx_hal_adc.o
                0x08007a54                HAL_ADC_ConfigChannel
 .text.ADC_Enable
                0x08007e04      0x10c ./Drivers/STM32G0xx_HAL_Driver/Src/stm32g0xx_hal_adc.o
                0x08007e04                ADC_Enable
 .text.ADC_Disable
                0x08007f10       0xbc ./Drivers/STM32G0xx_HAL_Driver/Src/stm32g0xx_hal_adc.o
                0x08007f10                ADC_Disable
 .text.LL_ADC_GetCommonClock
                0x08007fcc       0x1a ./Drivers/STM32G0xx_HAL_Driver/Src/stm32g0xx_hal_adc_ex.o
 .text.LL_ADC_GetClock
                0x08007fe6       0x18 ./Drivers/STM32G0xx_HAL_Driver/Src/stm32g0xx_hal_adc_ex.o
 .text.LL_ADC_SetCalibrationFactor
                0x08007ffe       0x28 ./Drivers/STM32G0xx_HAL_Driver/Src/stm32g0xx_hal_adc_ex.o
 .text.LL_ADC_GetCalibrationFactor
                0x08008026       0x1a ./Drivers/STM32G0xx_HAL_Driver/Src/stm32g0xx_hal_adc_ex.o
 .text.LL_ADC_Enable
                0x08008040       0x24 ./Drivers/STM32G0xx_HAL_Driver/Src/stm32g0xx_hal_adc_ex.o
 .text.LL_ADC_Disable
                0x08008064       0x24 ./Drivers/STM32G0xx_HAL_Driver/Src/stm32g0xx_hal_adc_ex.o
 .text.LL_ADC_IsEnabled
                0x08008088       0x22 ./Drivers/STM32G0xx_HAL_Driver/Src/stm32g0xx_hal_adc_ex.o
 *fill*         0x080080aa        0x2 
 .text.LL_ADC_StartCalibration
                0x080080ac       0x28 ./Drivers/STM32G0xx_HAL_Driver/Src/stm32g0xx_hal_adc_ex.o
 .text.LL_ADC_IsCalibrationOnGoing
                0x080080d4       0x26 ./Drivers/STM32G0xx_HAL_Driver/Src/stm32g0xx_hal_adc_ex.o
 *fill*         0x080080fa        0x2 
 .text.HAL_ADCEx_Calibration_Start
                0x080080fc      0x1f8 ./Drivers/STM32G0xx_HAL_Driver/Src/stm32g0xx_hal_adc_ex.o
                0x080080fc                HAL_ADCEx_Calibration_Start
 .text.__NVIC_EnableIRQ
                0x080082f4       0x34 ./Drivers/STM32G0xx_HAL_Driver/Src/stm32g0xx_hal_cortex.o
 .text.__NVIC_SetPriority
                0x08008328       0xdc ./Drivers/STM32G0xx_HAL_Driver/Src/stm32g0xx_hal_cortex.o
 .text.__NVIC_SystemReset
                0x08008404       0x24 ./Drivers/STM32G0xx_HAL_Driver/Src/stm32g0xx_hal_cortex.o
 .text.SysTick_Config
                0x08008428       0x48 ./Drivers/STM32G0xx_HAL_Driver/Src/stm32g0xx_hal_cortex.o
 .text.HAL_NVIC_SetPriority
                0x08008470       0x2a ./Drivers/STM32G0xx_HAL_Driver/Src/stm32g0xx_hal_cortex.o
                0x08008470                HAL_NVIC_SetPriority
 .text.HAL_NVIC_EnableIRQ
                0x0800849a       0x20 ./Drivers/STM32G0xx_HAL_Driver/Src/stm32g0xx_hal_cortex.o
                0x0800849a                HAL_NVIC_EnableIRQ
 .text.HAL_NVIC_SystemReset
                0x080084ba        0x8 ./Drivers/STM32G0xx_HAL_Driver/Src/stm32g0xx_hal_cortex.o
                0x080084ba                HAL_NVIC_SystemReset
 .text.HAL_SYSTICK_Config
                0x080084c2       0x1a ./Drivers/STM32G0xx_HAL_Driver/Src/stm32g0xx_hal_cortex.o
                0x080084c2                HAL_SYSTICK_Config
 .text.HAL_FLASH_Program
                0x080084dc       0x9c ./Drivers/STM32G0xx_HAL_Driver/Src/stm32g0xx_hal_flash.o
                0x080084dc                HAL_FLASH_Program
 .text.HAL_FLASH_Unlock
                0x08008578       0x48 ./Drivers/STM32G0xx_HAL_Driver/Src/stm32g0xx_hal_flash.o
                0x08008578                HAL_FLASH_Unlock
 .text.HAL_FLASH_Lock
                0x080085c0       0x44 ./Drivers/STM32G0xx_HAL_Driver/Src/stm32g0xx_hal_flash.o
                0x080085c0                HAL_FLASH_Lock
 .text.FLASH_WaitForLastOperation
                0x08008604       0x9c ./Drivers/STM32G0xx_HAL_Driver/Src/stm32g0xx_hal_flash.o
                0x08008604                FLASH_WaitForLastOperation
 .text.FLASH_Program_DoubleWord
                0x080086a0       0x40 ./Drivers/STM32G0xx_HAL_Driver/Src/stm32g0xx_hal_flash.o
 .text.HAL_FLASHEx_Erase
                0x080086e0       0xe0 ./Drivers/STM32G0xx_HAL_Driver/Src/stm32g0xx_hal_flash_ex.o
                0x080086e0                HAL_FLASHEx_Erase
 .text.FLASH_MassErase
                0x080087c0       0x28 ./Drivers/STM32G0xx_HAL_Driver/Src/stm32g0xx_hal_flash_ex.o
 .text.FLASH_PageErase
                0x080087e8       0x58 ./Drivers/STM32G0xx_HAL_Driver/Src/stm32g0xx_hal_flash_ex.o
                0x080087e8                FLASH_PageErase
 .text.HAL_GPIO_Init
                0x08008840      0x2d8 ./Drivers/STM32G0xx_HAL_Driver/Src/stm32g0xx_hal_gpio.o
                0x08008840                HAL_GPIO_Init
 .text.HAL_GPIO_WritePin
                0x08008b18       0x3a ./Drivers/STM32G0xx_HAL_Driver/Src/stm32g0xx_hal_gpio.o
                0x08008b18                HAL_GPIO_WritePin
 *fill*         0x08008b52        0x2 
 .text.HAL_PWREx_ControlVoltageScaling
                0x08008b54       0x80 ./Drivers/STM32G0xx_HAL_Driver/Src/stm32g0xx_hal_pwr_ex.o
                0x08008b54                HAL_PWREx_ControlVoltageScaling
 .text.HAL_RCC_OscConfig
                0x08008bd4      0x6c0 ./Drivers/STM32G0xx_HAL_Driver/Src/stm32g0xx_hal_rcc.o
                0x08008bd4                HAL_RCC_OscConfig
 .text.HAL_RCC_ClockConfig
                0x08009294      0x210 ./Drivers/STM32G0xx_HAL_Driver/Src/stm32g0xx_hal_rcc.o
                0x08009294                HAL_RCC_ClockConfig
 .text.HAL_RCC_GetSysClockFreq
                0x080094a4      0x104 ./Drivers/STM32G0xx_HAL_Driver/Src/stm32g0xx_hal_rcc.o
                0x080094a4                HAL_RCC_GetSysClockFreq
 .text.HAL_RCCEx_PeriphCLKConfig
                0x080095a8      0x478 ./Drivers/STM32G0xx_HAL_Driver/Src/stm32g0xx_hal_rcc_ex.o
                0x080095a8                HAL_RCCEx_PeriphCLKConfig
 .text.LL_DMA_ConfigTransfer
                0x08009a20       0x4c ./Drivers/STM32G0xx_HAL_Driver/Src/stm32g0xx_ll_dma.o
 .text.LL_DMA_SetDataLength
                0x08009a6c       0x44 ./Drivers/STM32G0xx_HAL_Driver/Src/stm32g0xx_ll_dma.o
 .text.LL_DMA_SetMemoryAddress
                0x08009ab0       0x30 ./Drivers/STM32G0xx_HAL_Driver/Src/stm32g0xx_ll_dma.o
 .text.LL_DMA_SetPeriphAddress
                0x08009ae0       0x30 ./Drivers/STM32G0xx_HAL_Driver/Src/stm32g0xx_ll_dma.o
 .text.LL_DMA_SetPeriphRequest
                0x08009b10       0x58 ./Drivers/STM32G0xx_HAL_Driver/Src/stm32g0xx_ll_dma.o
 .text.LL_DMA_Init
                0x08009b68       0x80 ./Drivers/STM32G0xx_HAL_Driver/Src/stm32g0xx_ll_dma.o
                0x08009b68                LL_DMA_Init
 .text.LL_DMA_StructInit
                0x08009be8       0x52 ./Drivers/STM32G0xx_HAL_Driver/Src/stm32g0xx_ll_dma.o
                0x08009be8                LL_DMA_StructInit
 .text.LL_GPIO_SetPinMode
                0x08009c3a       0x38 ./Drivers/STM32G0xx_HAL_Driver/Src/stm32g0xx_ll_gpio.o
 .text.LL_GPIO_SetPinOutputType
                0x08009c72       0x2a ./Drivers/STM32G0xx_HAL_Driver/Src/stm32g0xx_ll_gpio.o
 .text.LL_GPIO_SetPinSpeed
                0x08009c9c       0x38 ./Drivers/STM32G0xx_HAL_Driver/Src/stm32g0xx_ll_gpio.o
 .text.LL_GPIO_SetPinPull
                0x08009cd4       0x38 ./Drivers/STM32G0xx_HAL_Driver/Src/stm32g0xx_ll_gpio.o
 .text.LL_GPIO_SetAFPin_0_7
                0x08009d0c       0x46 ./Drivers/STM32G0xx_HAL_Driver/Src/stm32g0xx_ll_gpio.o
 .text.LL_GPIO_SetAFPin_8_15
                0x08009d52       0x5a ./Drivers/STM32G0xx_HAL_Driver/Src/stm32g0xx_ll_gpio.o
 .text.LL_GPIO_Init
                0x08009dac       0xb6 ./Drivers/STM32G0xx_HAL_Driver/Src/stm32g0xx_ll_gpio.o
                0x08009dac                LL_GPIO_Init
 .text.LL_LPUART_IsEnabled
                0x08009e62       0x22 ./Drivers/STM32G0xx_HAL_Driver/Src/stm32g0xx_ll_lpuart.o
 .text.LL_LPUART_SetPrescaler
                0x08009e84       0x24 ./Drivers/STM32G0xx_HAL_Driver/Src/stm32g0xx_ll_lpuart.o
 .text.LL_LPUART_SetStopBitsLength
                0x08009ea8       0x28 ./Drivers/STM32G0xx_HAL_Driver/Src/stm32g0xx_ll_lpuart.o
 .text.LL_LPUART_SetHWFlowCtrl
                0x08009ed0       0x28 ./Drivers/STM32G0xx_HAL_Driver/Src/stm32g0xx_ll_lpuart.o
 .text.LL_LPUART_SetBaudRate
                0x08009ef8       0x84 ./Drivers/STM32G0xx_HAL_Driver/Src/stm32g0xx_ll_lpuart.o
 .text.LL_LPUART_Init
                0x08009f7c       0xd8 ./Drivers/STM32G0xx_HAL_Driver/Src/stm32g0xx_ll_lpuart.o
                0x08009f7c                LL_LPUART_Init
 .text.LL_RCC_HSI_IsReady
                0x0800a054       0x28 ./Drivers/STM32G0xx_HAL_Driver/Src/stm32g0xx_ll_rcc.o
 .text.LL_RCC_LSE_IsReady
                0x0800a07c       0x20 ./Drivers/STM32G0xx_HAL_Driver/Src/stm32g0xx_ll_rcc.o
 .text.LL_RCC_GetSysClkSource
                0x0800a09c       0x18 ./Drivers/STM32G0xx_HAL_Driver/Src/stm32g0xx_ll_rcc.o
 .text.LL_RCC_GetAHBPrescaler
                0x0800a0b4       0x18 ./Drivers/STM32G0xx_HAL_Driver/Src/stm32g0xx_ll_rcc.o
 .text.LL_RCC_GetAPB1Prescaler
                0x0800a0cc       0x18 ./Drivers/STM32G0xx_HAL_Driver/Src/stm32g0xx_ll_rcc.o
 .text.LL_RCC_GetLPUARTClockSource
                0x0800a0e4       0x24 ./Drivers/STM32G0xx_HAL_Driver/Src/stm32g0xx_ll_rcc.o
 .text.LL_RCC_PLL_GetN
                0x0800a108       0x18 ./Drivers/STM32G0xx_HAL_Driver/Src/stm32g0xx_ll_rcc.o
 .text.LL_RCC_PLL_GetR
                0x0800a120       0x18 ./Drivers/STM32G0xx_HAL_Driver/Src/stm32g0xx_ll_rcc.o
 .text.LL_RCC_PLL_GetMainSource
                0x0800a138       0x18 ./Drivers/STM32G0xx_HAL_Driver/Src/stm32g0xx_ll_rcc.o
 .text.LL_RCC_PLL_GetDivider
                0x0800a150       0x18 ./Drivers/STM32G0xx_HAL_Driver/Src/stm32g0xx_ll_rcc.o
 .text.LL_RCC_GetLPUARTClockFreq
                0x0800a168      0x128 ./Drivers/STM32G0xx_HAL_Driver/Src/stm32g0xx_ll_rcc.o
                0x0800a168                LL_RCC_GetLPUARTClockFreq
 .text.RCC_GetSystemClockFreq
                0x0800a290       0x5c ./Drivers/STM32G0xx_HAL_Driver/Src/stm32g0xx_ll_rcc.o
 .text.RCC_GetHCLKClockFreq
                0x0800a2ec       0x30 ./Drivers/STM32G0xx_HAL_Driver/Src/stm32g0xx_ll_rcc.o
 .text.RCC_GetPCLK1ClockFreq
                0x0800a31c       0x2c ./Drivers/STM32G0xx_HAL_Driver/Src/stm32g0xx_ll_rcc.o
 .text.RCC_PLL_GetFreqDomain_SYS
                0x0800a348       0x74 ./Drivers/STM32G0xx_HAL_Driver/Src/stm32g0xx_ll_rcc.o
 .text.LL_UCPD_Disable
                0x0800a3bc       0x1c ./Drivers/STM32G0xx_HAL_Driver/Src/stm32g0xx_ll_ucpd.o
 .text.LL_APB1_GRP1_EnableClock
                0x0800a3d8       0x2c ./Drivers/STM32G0xx_HAL_Driver/Src/stm32g0xx_ll_ucpd.o
 .text.LL_UCPD_Init
                0x0800a404       0x74 ./Drivers/STM32G0xx_HAL_Driver/Src/stm32g0xx_ll_ucpd.o
                0x0800a404                LL_UCPD_Init
 .text.LL_UCPD_StructInit
                0x0800a478       0x2a ./Drivers/STM32G0xx_HAL_Driver/Src/stm32g0xx_ll_ucpd.o
                0x0800a478                LL_UCPD_StructInit
 *fill*         0x0800a4a2        0x2 
 .text.USBPD_TRACE_Init
                0x0800a4a4       0x2c ./Middlewares/ST/STM32_USBPD_Library/Core/src/usbpd_trace.o
                0x0800a4a4                USBPD_TRACE_Init
 .text.USBPD_TRACE_Add
                0x0800a4d0      0x28e ./Middlewares/ST/STM32_USBPD_Library/Core/src/usbpd_trace.o
                0x0800a4d0                USBPD_TRACE_Add
 *fill*         0x0800a75e        0x2 
 .text.__NVIC_EnableIRQ
                0x0800a760       0x34 ./Middlewares/ST/STM32_USBPD_Library/Devices/STM32G0XX/src/usbpd_cad_hw_if.o
 .text.__NVIC_SetPriority
                0x0800a794       0xdc ./Middlewares/ST/STM32_USBPD_Library/Devices/STM32G0XX/src/usbpd_cad_hw_if.o
 .text.LL_UCPD_Enable
                0x0800a870       0x1e ./Middlewares/ST/STM32_USBPD_Library/Devices/STM32G0XX/src/usbpd_cad_hw_if.o
 *fill*         0x0800a88e        0x2 
 .text.LL_UCPD_SetRxOrderSet
                0x0800a890       0x28 ./Middlewares/ST/STM32_USBPD_Library/Devices/STM32G0XX/src/usbpd_cad_hw_if.o
 .text.LL_UCPD_SetccEnable
                0x0800a8b8       0x28 ./Middlewares/ST/STM32_USBPD_Library/Devices/STM32G0XX/src/usbpd_cad_hw_if.o
 .text.LL_UCPD_EnableIT_TypeCEventCC2
                0x0800a8e0       0x1e ./Middlewares/ST/STM32_USBPD_Library/Devices/STM32G0XX/src/usbpd_cad_hw_if.o
 .text.LL_UCPD_EnableIT_TypeCEventCC1
                0x0800a8fe       0x1e ./Middlewares/ST/STM32_USBPD_Library/Devices/STM32G0XX/src/usbpd_cad_hw_if.o
 .text.CAD_Init
                0x0800a91c      0x1c4 ./Middlewares/ST/STM32_USBPD_Library/Devices/STM32G0XX/src/usbpd_cad_hw_if.o
                0x0800a91c                CAD_Init
 .text.CAD_Enter_ErrorRecovery
                0x0800aae0       0x54 ./Middlewares/ST/STM32_USBPD_Library/Devices/STM32G0XX/src/usbpd_cad_hw_if.o
                0x0800aae0                CAD_Enter_ErrorRecovery
 .text.CAD_SRC_Set_ResistorRp
                0x0800ab34       0x80 ./Middlewares/ST/STM32_USBPD_Library/Devices/STM32G0XX/src/usbpd_cad_hw_if.o
                0x0800ab34                CAD_SRC_Set_ResistorRp
 .text.CAD_Set_ResistorRp
                0x0800abb4       0x26 ./Middlewares/ST/STM32_USBPD_Library/Devices/STM32G0XX/src/usbpd_cad_hw_if.o
                0x0800abb4                CAD_Set_ResistorRp
 *fill*         0x0800abda        0x2 
 .text.CAD_StateMachine_SNK
                0x0800abdc       0x90 ./Middlewares/ST/STM32_USBPD_Library/Devices/STM32G0XX/src/usbpd_cad_hw_if.o
 .text.CAD_StateMachine
                0x0800ac6c      0x210 ./Middlewares/ST/STM32_USBPD_Library/Devices/STM32G0XX/src/usbpd_cad_hw_if.o
                0x0800ac6c                CAD_StateMachine
 .text.CAD_Check_HW_SNK
                0x0800ae7c      0x138 ./Middlewares/ST/STM32_USBPD_Library/Devices/STM32G0XX/src/usbpd_cad_hw_if.o
 .text.ManageStateDetached_SNK
                0x0800afb4       0xa4 ./Middlewares/ST/STM32_USBPD_Library/Devices/STM32G0XX/src/usbpd_cad_hw_if.o
 .text.ManageStateAttachedWait_SNK
                0x0800b058      0x11c ./Middlewares/ST/STM32_USBPD_Library/Devices/STM32G0XX/src/usbpd_cad_hw_if.o
 .text.ManageStateAttached_SNK
                0x0800b174       0xe4 ./Middlewares/ST/STM32_USBPD_Library/Devices/STM32G0XX/src/usbpd_cad_hw_if.o
 .text.LL_AHB1_GRP1_EnableClock
                0x0800b258       0x2c ./Middlewares/ST/STM32_USBPD_Library/Devices/STM32G0XX/src/usbpd_hw.o
 .text.USBPD_HW_GetUSPDInstance
                0x0800b284       0x1c ./Middlewares/ST/STM32_USBPD_Library/Devices/STM32G0XX/src/usbpd_hw.o
                0x0800b284                USBPD_HW_GetUSPDInstance
 .text.USBPD_HW_Init_DMARxInstance
                0x0800b2a0       0x8c ./Middlewares/ST/STM32_USBPD_Library/Devices/STM32G0XX/src/usbpd_hw.o
                0x0800b2a0                USBPD_HW_Init_DMARxInstance
 .text.USBPD_HW_DeInit_DMARxInstance
                0x0800b32c       0x14 ./Middlewares/ST/STM32_USBPD_Library/Devices/STM32G0XX/src/usbpd_hw.o
                0x0800b32c                USBPD_HW_DeInit_DMARxInstance
 .text.USBPD_HW_Init_DMATxInstance
                0x0800b340       0x8c ./Middlewares/ST/STM32_USBPD_Library/Devices/STM32G0XX/src/usbpd_hw.o
                0x0800b340                USBPD_HW_Init_DMATxInstance
 .text.USBPD_HW_DeInit_DMATxInstance
                0x0800b3cc       0x14 ./Middlewares/ST/STM32_USBPD_Library/Devices/STM32G0XX/src/usbpd_hw.o
                0x0800b3cc                USBPD_HW_DeInit_DMATxInstance
 .text.USBPD_HW_SetFRSSignalling
                0x0800b3e0       0x1c ./Middlewares/ST/STM32_USBPD_Library/Devices/STM32G0XX/src/usbpd_hw.o
                0x0800b3e0                USBPD_HW_SetFRSSignalling
 .text.LL_UCPD_ClearFlag_TypeCEventCC2
                0x0800b3fc       0x1e ./Middlewares/ST/STM32_USBPD_Library/Devices/STM32G0XX/src/usbpd_hw_if_it.o
 .text.LL_UCPD_ClearFlag_TypeCEventCC1
                0x0800b41a       0x1e ./Middlewares/ST/STM32_USBPD_Library/Devices/STM32G0XX/src/usbpd_hw_if_it.o
 .text.LL_UCPD_ClearFlag_RxMsgEnd
                0x0800b438       0x1e ./Middlewares/ST/STM32_USBPD_Library/Devices/STM32G0XX/src/usbpd_hw_if_it.o
 .text.LL_UCPD_ClearFlag_RxOvr
                0x0800b456       0x1e ./Middlewares/ST/STM32_USBPD_Library/Devices/STM32G0XX/src/usbpd_hw_if_it.o
 .text.LL_UCPD_ClearFlag_RxHRST
                0x0800b474       0x1e ./Middlewares/ST/STM32_USBPD_Library/Devices/STM32G0XX/src/usbpd_hw_if_it.o
 .text.LL_UCPD_ClearFlag_RxOrderSet
                0x0800b492       0x1e ./Middlewares/ST/STM32_USBPD_Library/Devices/STM32G0XX/src/usbpd_hw_if_it.o
 .text.LL_UCPD_ClearFlag_TxUND
                0x0800b4b0       0x1c ./Middlewares/ST/STM32_USBPD_Library/Devices/STM32G0XX/src/usbpd_hw_if_it.o
 .text.LL_UCPD_ClearFlag_TxHRSTSENT
                0x0800b4cc       0x1c ./Middlewares/ST/STM32_USBPD_Library/Devices/STM32G0XX/src/usbpd_hw_if_it.o
 .text.LL_UCPD_ClearFlag_TxHRSTDISC
                0x0800b4e8       0x1c ./Middlewares/ST/STM32_USBPD_Library/Devices/STM32G0XX/src/usbpd_hw_if_it.o
 .text.LL_UCPD_ClearFlag_TxMSGABT
                0x0800b504       0x1c ./Middlewares/ST/STM32_USBPD_Library/Devices/STM32G0XX/src/usbpd_hw_if_it.o
 .text.LL_UCPD_ClearFlag_TxMSGSENT
                0x0800b520       0x1c ./Middlewares/ST/STM32_USBPD_Library/Devices/STM32G0XX/src/usbpd_hw_if_it.o
 .text.LL_UCPD_ClearFlag_TxMSGDISC
                0x0800b53c       0x1c ./Middlewares/ST/STM32_USBPD_Library/Devices/STM32G0XX/src/usbpd_hw_if_it.o
 .text.USBPD_PORT0_IRQHandler
                0x0800b558       0x10 ./Middlewares/ST/STM32_USBPD_Library/Devices/STM32G0XX/src/usbpd_hw_if_it.o
                0x0800b558                USBPD_PORT0_IRQHandler
 .text.PORTx_IRQHandler
                0x0800b568      0x438 ./Middlewares/ST/STM32_USBPD_Library/Devices/STM32G0XX/src/usbpd_hw_if_it.o
                0x0800b568                PORTx_IRQHandler
 .text.USBPD_PHY_Init
                0x0800b9a0       0xec ./Middlewares/ST/STM32_USBPD_Library/Devices/STM32G0XX/src/usbpd_phy.o
                0x0800b9a0                USBPD_PHY_Init
 .text.USBPD_PHY_GetRetryTimerValue
                0x0800ba8c       0x1c ./Middlewares/ST/STM32_USBPD_Library/Devices/STM32G0XX/src/usbpd_phy.o
                0x0800ba8c                USBPD_PHY_GetRetryTimerValue
 .text.USBPD_PHY_GetMinGOODCRCTimerValue
                0x0800baa8       0x16 ./Middlewares/ST/STM32_USBPD_Library/Devices/STM32G0XX/src/usbpd_phy.o
                0x0800baa8                USBPD_PHY_GetMinGOODCRCTimerValue
 .text.USBPD_PHY_Reset
                0x0800babe       0x14 ./Middlewares/ST/STM32_USBPD_Library/Devices/STM32G0XX/src/usbpd_phy.o
                0x0800babe                USBPD_PHY_Reset
 .text.USBPD_PHY_ResetRequest
                0x0800bad2       0x2c ./Middlewares/ST/STM32_USBPD_Library/Devices/STM32G0XX/src/usbpd_phy.o
                0x0800bad2                USBPD_PHY_ResetRequest
 .text.USBPD_PHY_SendMessage
                0x0800bafe       0x3e ./Middlewares/ST/STM32_USBPD_Library/Devices/STM32G0XX/src/usbpd_phy.o
                0x0800bafe                USBPD_PHY_SendMessage
 .text.USBPD_PHY_Send_BIST_Pattern
                0x0800bb3c       0x20 ./Middlewares/ST/STM32_USBPD_Library/Devices/STM32G0XX/src/usbpd_phy.o
                0x0800bb3c                USBPD_PHY_Send_BIST_Pattern
 .text.USBPD_PHY_ExitTransmit
                0x0800bb5c       0x2e ./Middlewares/ST/STM32_USBPD_Library/Devices/STM32G0XX/src/usbpd_phy.o
                0x0800bb5c                USBPD_PHY_ExitTransmit
 .text.USBPD_PHY_SetResistor_SinkTxNG
                0x0800bb8a       0x1e ./Middlewares/ST/STM32_USBPD_Library/Devices/STM32G0XX/src/usbpd_phy.o
                0x0800bb8a                USBPD_PHY_SetResistor_SinkTxNG
 .text.USBPD_PHY_SetResistor_SinkTxOK
                0x0800bba8       0x1e ./Middlewares/ST/STM32_USBPD_Library/Devices/STM32G0XX/src/usbpd_phy.o
                0x0800bba8                USBPD_PHY_SetResistor_SinkTxOK
 *fill*         0x0800bbc6        0x2 
 .text.USBPD_PHY_SOPSupported
                0x0800bbc8       0x2c ./Middlewares/ST/STM32_USBPD_Library/Devices/STM32G0XX/src/usbpd_phy.o
                0x0800bbc8                USBPD_PHY_SOPSupported
 .text.USBPD_PHY_IsResistor_SinkTxOk
                0x0800bbf4       0x20 ./Middlewares/ST/STM32_USBPD_Library/Devices/STM32G0XX/src/usbpd_phy.o
                0x0800bbf4                USBPD_PHY_IsResistor_SinkTxOk
 .text.USBPD_PHY_FastRoleSwapSignalling
                0x0800bc14       0x1e ./Middlewares/ST/STM32_USBPD_Library/Devices/STM32G0XX/src/usbpd_phy.o
                0x0800bc14                USBPD_PHY_FastRoleSwapSignalling
 .text.USBPD_PHY_EnableRX
                0x0800bc32       0x1e ./Middlewares/ST/STM32_USBPD_Library/Devices/STM32G0XX/src/usbpd_phy.o
                0x0800bc32                USBPD_PHY_EnableRX
 .text.USBPD_PHY_DisableRX
                0x0800bc50       0x1e ./Middlewares/ST/STM32_USBPD_Library/Devices/STM32G0XX/src/usbpd_phy.o
                0x0800bc50                USBPD_PHY_DisableRX
 *fill*         0x0800bc6e        0x2 
 .text.PHY_Rx_Completed
                0x0800bc70       0xd8 ./Middlewares/ST/STM32_USBPD_Library/Devices/STM32G0XX/src/usbpd_phy.o
                0x0800bc70                PHY_Rx_Completed
 .text.LL_AHB1_GRP1_EnableClock
                0x0800bd48       0x2c ./Middlewares/ST/STM32_USBPD_Library/Devices/STM32G0XX/src/usbpd_phy_hw_if.o
 .text.LL_APB1_GRP1_EnableClock
                0x0800bd74       0x2c ./Middlewares/ST/STM32_USBPD_Library/Devices/STM32G0XX/src/usbpd_phy_hw_if.o
 .text.LL_APB2_GRP1_EnableClock
                0x0800bda0       0x2c ./Middlewares/ST/STM32_USBPD_Library/Devices/STM32G0XX/src/usbpd_phy_hw_if.o
 .text.LL_UCPD_Enable
                0x0800bdcc       0x1e ./Middlewares/ST/STM32_USBPD_Library/Devices/STM32G0XX/src/usbpd_phy_hw_if.o
 .text.LL_UCPD_Disable
                0x0800bdea       0x1c ./Middlewares/ST/STM32_USBPD_Library/Devices/STM32G0XX/src/usbpd_phy_hw_if.o
 *fill*         0x0800be06        0x2 
 .text.LL_UCPD_TypeCDetectionCC2Enable
                0x0800be08       0x20 ./Middlewares/ST/STM32_USBPD_Library/Devices/STM32G0XX/src/usbpd_phy_hw_if.o
 .text.LL_UCPD_TypeCDetectionCC2Disable
                0x0800be28       0x1e ./Middlewares/ST/STM32_USBPD_Library/Devices/STM32G0XX/src/usbpd_phy_hw_if.o
 *fill*         0x0800be46        0x2 
 .text.LL_UCPD_TypeCDetectionCC1Enable
                0x0800be48       0x20 ./Middlewares/ST/STM32_USBPD_Library/Devices/STM32G0XX/src/usbpd_phy_hw_if.o
 .text.LL_UCPD_TypeCDetectionCC1Disable
                0x0800be68       0x1e ./Middlewares/ST/STM32_USBPD_Library/Devices/STM32G0XX/src/usbpd_phy_hw_if.o
 .text.LL_UCPD_SignalFRSTX
                0x0800be86       0x1e ./Middlewares/ST/STM32_USBPD_Library/Devices/STM32G0XX/src/usbpd_phy_hw_if.o
 .text.LL_UCPD_FRSDetectionEnable
                0x0800bea4       0x1e ./Middlewares/ST/STM32_USBPD_Library/Devices/STM32G0XX/src/usbpd_phy_hw_if.o
 *fill*         0x0800bec2        0x2 
 .text.LL_UCPD_FRSDetectionDisable
                0x0800bec4       0x20 ./Middlewares/ST/STM32_USBPD_Library/Devices/STM32G0XX/src/usbpd_phy_hw_if.o
 .text.LL_UCPD_SetccEnable
                0x0800bee4       0x28 ./Middlewares/ST/STM32_USBPD_Library/Devices/STM32G0XX/src/usbpd_phy_hw_if.o
 .text.LL_UCPD_SetSNKRole
                0x0800bf0c       0x1e ./Middlewares/ST/STM32_USBPD_Library/Devices/STM32G0XX/src/usbpd_phy_hw_if.o
 *fill*         0x0800bf2a        0x2 
 .text.LL_UCPD_SetSRCRole
                0x0800bf2c       0x20 ./Middlewares/ST/STM32_USBPD_Library/Devices/STM32G0XX/src/usbpd_phy_hw_if.o
 .text.LL_UCPD_SetRpResistor
                0x0800bf4c       0x28 ./Middlewares/ST/STM32_USBPD_Library/Devices/STM32G0XX/src/usbpd_phy_hw_if.o
 .text.LL_UCPD_SetCCPin
                0x0800bf74       0x24 ./Middlewares/ST/STM32_USBPD_Library/Devices/STM32G0XX/src/usbpd_phy_hw_if.o
 .text.LL_UCPD_RxEnable
                0x0800bf98       0x1c ./Middlewares/ST/STM32_USBPD_Library/Devices/STM32G0XX/src/usbpd_phy_hw_if.o
 .text.LL_UCPD_RxDisable
                0x0800bfb4       0x1e ./Middlewares/ST/STM32_USBPD_Library/Devices/STM32G0XX/src/usbpd_phy_hw_if.o
 .text.LL_UCPD_SetRxMode
                0x0800bfd2       0x24 ./Middlewares/ST/STM32_USBPD_Library/Devices/STM32G0XX/src/usbpd_phy_hw_if.o
 .text.LL_UCPD_SendHardReset
                0x0800bff6       0x1c ./Middlewares/ST/STM32_USBPD_Library/Devices/STM32G0XX/src/usbpd_phy_hw_if.o
 .text.LL_UCPD_SendMessage
                0x0800c012       0x1c ./Middlewares/ST/STM32_USBPD_Library/Devices/STM32G0XX/src/usbpd_phy_hw_if.o
 .text.LL_UCPD_SetTxMode
                0x0800c02e       0x24 ./Middlewares/ST/STM32_USBPD_Library/Devices/STM32G0XX/src/usbpd_phy_hw_if.o
 .text.LL_UCPD_RxDMAEnable
                0x0800c052       0x1e ./Middlewares/ST/STM32_USBPD_Library/Devices/STM32G0XX/src/usbpd_phy_hw_if.o
 .text.LL_UCPD_RxDMADisable
                0x0800c070       0x20 ./Middlewares/ST/STM32_USBPD_Library/Devices/STM32G0XX/src/usbpd_phy_hw_if.o
 .text.LL_UCPD_TxDMAEnable
                0x0800c090       0x1e ./Middlewares/ST/STM32_USBPD_Library/Devices/STM32G0XX/src/usbpd_phy_hw_if.o
 *fill*         0x0800c0ae        0x2 
 .text.LL_UCPD_TxDMADisable
                0x0800c0b0       0x20 ./Middlewares/ST/STM32_USBPD_Library/Devices/STM32G0XX/src/usbpd_phy_hw_if.o
 .text.LL_UCPD_WriteTxOrderSet
                0x0800c0d0       0x18 ./Middlewares/ST/STM32_USBPD_Library/Devices/STM32G0XX/src/usbpd_phy_hw_if.o
 .text.LL_UCPD_WriteTxPaySize
                0x0800c0e8       0x18 ./Middlewares/ST/STM32_USBPD_Library/Devices/STM32G0XX/src/usbpd_phy_hw_if.o
 .text.USBPD_HW_IF_GlobalHwInit
                0x0800c100       0x1e ./Middlewares/ST/STM32_USBPD_Library/Devices/STM32G0XX/src/usbpd_phy_hw_if.o
                0x0800c100                USBPD_HW_IF_GlobalHwInit
 *fill*         0x0800c11e        0x2 
 .text.USBPD_HW_IF_StopBISTMode2
                0x0800c120       0x70 ./Middlewares/ST/STM32_USBPD_Library/Devices/STM32G0XX/src/usbpd_phy_hw_if.o
                0x0800c120                USBPD_HW_IF_StopBISTMode2
 .text.USBPD_HW_IF_SendBuffer
                0x0800c190      0x2bc ./Middlewares/ST/STM32_USBPD_Library/Devices/STM32G0XX/src/usbpd_phy_hw_if.o
                0x0800c190                USBPD_HW_IF_SendBuffer
 .text.USBPD_HW_IF_Send_BIST_Pattern
                0x0800c44c       0x48 ./Middlewares/ST/STM32_USBPD_Library/Devices/STM32G0XX/src/usbpd_phy_hw_if.o
                0x0800c44c                USBPD_HW_IF_Send_BIST_Pattern
 .text.USBPDM1_AssertRp
                0x0800c494      0x170 ./Middlewares/ST/STM32_USBPD_Library/Devices/STM32G0XX/src/usbpd_phy_hw_if.o
                0x0800c494                USBPDM1_AssertRp
 .text.USBPDM1_DeAssertRp
                0x0800c604       0x14 ./Middlewares/ST/STM32_USBPD_Library/Devices/STM32G0XX/src/usbpd_phy_hw_if.o
                0x0800c604                USBPDM1_DeAssertRp
 .text.USBPDM1_AssertRd
                0x0800c618      0x14c ./Middlewares/ST/STM32_USBPD_Library/Devices/STM32G0XX/src/usbpd_phy_hw_if.o
                0x0800c618                USBPDM1_AssertRd
 .text.USBPDM1_DeAssertRd
                0x0800c764       0x14 ./Middlewares/ST/STM32_USBPD_Library/Devices/STM32G0XX/src/usbpd_phy_hw_if.o
                0x0800c764                USBPDM1_DeAssertRd
 .text.USBPDM1_EnterErrorRecovery
                0x0800c778       0xe4 ./Middlewares/ST/STM32_USBPD_Library/Devices/STM32G0XX/src/usbpd_phy_hw_if.o
                0x0800c778                USBPDM1_EnterErrorRecovery
 .text.USBPD_HW_IF_EnableRX
                0x0800c85c       0x30 ./Middlewares/ST/STM32_USBPD_Library/Devices/STM32G0XX/src/usbpd_phy_hw_if.o
                0x0800c85c                USBPD_HW_IF_EnableRX
 .text.USBPD_HW_IF_DisableRX
                0x0800c88c       0x30 ./Middlewares/ST/STM32_USBPD_Library/Devices/STM32G0XX/src/usbpd_phy_hw_if.o
                0x0800c88c                USBPD_HW_IF_DisableRX
 .text.HW_SignalAttachement
                0x0800c8bc      0x2c4 ./Middlewares/ST/STM32_USBPD_Library/Devices/STM32G0XX/src/usbpd_phy_hw_if.o
                0x0800c8bc                HW_SignalAttachement
 .text.HW_SignalDetachment
                0x0800cb80      0x11c ./Middlewares/ST/STM32_USBPD_Library/Devices/STM32G0XX/src/usbpd_phy_hw_if.o
                0x0800cb80                HW_SignalDetachment
 .text.USBPD_HW_IF_SetResistor_SinkTxNG
                0x0800cc9c       0x34 ./Middlewares/ST/STM32_USBPD_Library/Devices/STM32G0XX/src/usbpd_phy_hw_if.o
                0x0800cc9c                USBPD_HW_IF_SetResistor_SinkTxNG
 .text.USBPD_HW_IF_SetResistor_SinkTxOK
                0x0800ccd0       0x34 ./Middlewares/ST/STM32_USBPD_Library/Devices/STM32G0XX/src/usbpd_phy_hw_if.o
                0x0800ccd0                USBPD_HW_IF_SetResistor_SinkTxOK
 .text.USBPD_HW_IF_IsResistor_SinkTxOk
                0x0800cd04       0x88 ./Middlewares/ST/STM32_USBPD_Library/Devices/STM32G0XX/src/usbpd_phy_hw_if.o
                0x0800cd04                USBPD_HW_IF_IsResistor_SinkTxOk
 .text.USBPD_HW_IF_FastRoleSwapSignalling
                0x0800cd8c       0x30 ./Middlewares/ST/STM32_USBPD_Library/Devices/STM32G0XX/src/usbpd_phy_hw_if.o
                0x0800cd8c                USBPD_HW_IF_FastRoleSwapSignalling
 .text.HW_IF_PWR_GetVoltage
                0x0800cdbc       0x28 ./Middlewares/ST/STM32_USBPD_Library/Devices/STM32G0XX/src/usbpd_pwr_hw_if.o
                0x0800cdbc                HW_IF_PWR_GetVoltage
 .text.HW_IF_PWR_GetCurrent
                0x0800cde4       0x28 ./Middlewares/ST/STM32_USBPD_Library/Devices/STM32G0XX/src/usbpd_pwr_hw_if.o
                0x0800cde4                HW_IF_PWR_GetCurrent
 .text.LL_APB2_GRP1_EnableClock
                0x0800ce0c       0x2c ./Middlewares/ST/STM32_USBPD_Library/Devices/STM32G0XX/src/usbpd_timersserver.o
 .text.LL_APB2_GRP1_DisableClock
                0x0800ce38       0x24 ./Middlewares/ST/STM32_USBPD_Library/Devices/STM32G0XX/src/usbpd_timersserver.o
 .text.LL_TIM_EnableCounter
                0x0800ce5c       0x1c ./Middlewares/ST/STM32_USBPD_Library/Devices/STM32G0XX/src/usbpd_timersserver.o
 .text.LL_TIM_SetCounterMode
                0x0800ce78       0x24 ./Middlewares/ST/STM32_USBPD_Library/Devices/STM32G0XX/src/usbpd_timersserver.o
 .text.LL_TIM_SetPrescaler
                0x0800ce9c       0x18 ./Middlewares/ST/STM32_USBPD_Library/Devices/STM32G0XX/src/usbpd_timersserver.o
 .text.LL_TIM_GetPrescaler
                0x0800ceb4       0x14 ./Middlewares/ST/STM32_USBPD_Library/Devices/STM32G0XX/src/usbpd_timersserver.o
 .text.LL_TIM_SetAutoReload
                0x0800cec8       0x18 ./Middlewares/ST/STM32_USBPD_Library/Devices/STM32G0XX/src/usbpd_timersserver.o
 .text.LL_TIM_OC_SetMode
                0x0800cee0       0xc4 ./Middlewares/ST/STM32_USBPD_Library/Devices/STM32G0XX/src/usbpd_timersserver.o
 .text.LL_TIM_OC_SetPolarity
                0x0800cfa4       0xac ./Middlewares/ST/STM32_USBPD_Library/Devices/STM32G0XX/src/usbpd_timersserver.o
 .text.LL_TIM_OC_SetCompareCH1
                0x0800d050       0x18 ./Middlewares/ST/STM32_USBPD_Library/Devices/STM32G0XX/src/usbpd_timersserver.o
 .text.LL_TIM_OC_SetCompareCH2
                0x0800d068       0x18 ./Middlewares/ST/STM32_USBPD_Library/Devices/STM32G0XX/src/usbpd_timersserver.o
 .text.LL_TIM_OC_SetCompareCH3
                0x0800d080       0x18 ./Middlewares/ST/STM32_USBPD_Library/Devices/STM32G0XX/src/usbpd_timersserver.o
 .text.LL_TIM_OC_SetCompareCH4
                0x0800d098       0x18 ./Middlewares/ST/STM32_USBPD_Library/Devices/STM32G0XX/src/usbpd_timersserver.o
 .text.LL_TIM_ClearFlag_CC1
                0x0800d0b0       0x18 ./Middlewares/ST/STM32_USBPD_Library/Devices/STM32G0XX/src/usbpd_timersserver.o
 .text.LL_TIM_IsActiveFlag_CC1
                0x0800d0c8       0x22 ./Middlewares/ST/STM32_USBPD_Library/Devices/STM32G0XX/src/usbpd_timersserver.o
 .text.LL_TIM_ClearFlag_CC2
                0x0800d0ea       0x18 ./Middlewares/ST/STM32_USBPD_Library/Devices/STM32G0XX/src/usbpd_timersserver.o
 .text.LL_TIM_IsActiveFlag_CC2
                0x0800d102       0x22 ./Middlewares/ST/STM32_USBPD_Library/Devices/STM32G0XX/src/usbpd_timersserver.o
 .text.LL_TIM_ClearFlag_CC3
                0x0800d124       0x18 ./Middlewares/ST/STM32_USBPD_Library/Devices/STM32G0XX/src/usbpd_timersserver.o
 .text.LL_TIM_IsActiveFlag_CC3
                0x0800d13c       0x22 ./Middlewares/ST/STM32_USBPD_Library/Devices/STM32G0XX/src/usbpd_timersserver.o
 .text.LL_TIM_ClearFlag_CC4
                0x0800d15e       0x18 ./Middlewares/ST/STM32_USBPD_Library/Devices/STM32G0XX/src/usbpd_timersserver.o
 .text.LL_TIM_IsActiveFlag_CC4
                0x0800d176       0x22 ./Middlewares/ST/STM32_USBPD_Library/Devices/STM32G0XX/src/usbpd_timersserver.o
 .text.USBPD_TIM_Init
                0x0800d198      0x140 ./Middlewares/ST/STM32_USBPD_Library/Devices/STM32G0XX/src/usbpd_timersserver.o
                0x0800d198                USBPD_TIM_Init
 .text.USBPD_TIM_DeInit
                0x0800d2d8       0x34 ./Middlewares/ST/STM32_USBPD_Library/Devices/STM32G0XX/src/usbpd_timersserver.o
                0x0800d2d8                USBPD_TIM_DeInit
 .text.USBPD_TIM_Start
                0x0800d30c       0xdc ./Middlewares/ST/STM32_USBPD_Library/Devices/STM32G0XX/src/usbpd_timersserver.o
                0x0800d30c                USBPD_TIM_Start
 .text.USBPD_TIM_IsExpired
                0x0800d3e8       0x74 ./Middlewares/ST/STM32_USBPD_Library/Devices/STM32G0XX/src/usbpd_timersserver.o
                0x0800d3e8                USBPD_TIM_IsExpired
 .text.makeFreeRtosPriority
                0x0800d45c       0x32 ./Middlewares/Third_Party/FreeRTOS/Source/CMSIS_RTOS/cmsis_os.o
 .text.inHandlerMode
                0x0800d48e       0x1c ./Middlewares/Third_Party/FreeRTOS/Source/CMSIS_RTOS/cmsis_os.o
 .text.osKernelStart
                0x0800d4aa       0x10 ./Middlewares/Third_Party/FreeRTOS/Source/CMSIS_RTOS/cmsis_os.o
                0x0800d4aa                osKernelStart
 .text.osThreadCreate
                0x0800d4ba       0x50 ./Middlewares/Third_Party/FreeRTOS/Source/CMSIS_RTOS/cmsis_os.o
                0x0800d4ba                osThreadCreate
 .text.osThreadGetId
                0x0800d50a       0x10 ./Middlewares/Third_Party/FreeRTOS/Source/CMSIS_RTOS/cmsis_os.o
                0x0800d50a                osThreadGetId
 .text.osDelay  0x0800d51a       0x28 ./Middlewares/Third_Party/FreeRTOS/Source/CMSIS_RTOS/cmsis_os.o
                0x0800d51a                osDelay
 .text.osMessageCreate
                0x0800d542       0x24 ./Middlewares/Third_Party/FreeRTOS/Source/CMSIS_RTOS/cmsis_os.o
                0x0800d542                osMessageCreate
 *fill*         0x0800d566        0x2 
 .text.osMessagePut
                0x0800d568       0x78 ./Middlewares/Third_Party/FreeRTOS/Source/CMSIS_RTOS/cmsis_os.o
                0x0800d568                osMessagePut
 .text.osMessageGet
                0x0800d5e0       0xe0 ./Middlewares/Third_Party/FreeRTOS/Source/CMSIS_RTOS/cmsis_os.o
                0x0800d5e0                osMessageGet
 .text.osThreadSuspend
                0x0800d6c0       0x1a ./Middlewares/Third_Party/FreeRTOS/Source/CMSIS_RTOS/cmsis_os.o
                0x0800d6c0                osThreadSuspend
 *fill*         0x0800d6da        0x2 
 .text.osThreadResume
                0x0800d6dc       0x40 ./Middlewares/Third_Party/FreeRTOS/Source/CMSIS_RTOS/cmsis_os.o
                0x0800d6dc                osThreadResume
 .text.vListInitialise
                0x0800d71c       0x3c ./Middlewares/Third_Party/FreeRTOS/Source/list.o
                0x0800d71c                vListInitialise
 .text.vListInitialiseItem
                0x0800d758       0x16 ./Middlewares/Third_Party/FreeRTOS/Source/list.o
                0x0800d758                vListInitialiseItem
 .text.vListInsertEnd
                0x0800d76e       0x44 ./Middlewares/Third_Party/FreeRTOS/Source/list.o
                0x0800d76e                vListInsertEnd
 .text.vListInsert
                0x0800d7b2       0x6c ./Middlewares/Third_Party/FreeRTOS/Source/list.o
                0x0800d7b2                vListInsert
 .text.uxListRemove
                0x0800d81e       0x50 ./Middlewares/Third_Party/FreeRTOS/Source/list.o
                0x0800d81e                uxListRemove
 .text.xQueueGenericReset
                0x0800d86e       0xaa ./Middlewares/Third_Party/FreeRTOS/Source/queue.o
                0x0800d86e                xQueueGenericReset
 .text.xQueueGenericCreate
                0x0800d918       0x5e ./Middlewares/Third_Party/FreeRTOS/Source/queue.o
                0x0800d918                xQueueGenericCreate
 .text.prvInitialiseNewQueue
                0x0800d976       0x44 ./Middlewares/Third_Party/FreeRTOS/Source/queue.o
 .text.xQueueGenericSend
                0x0800d9ba      0x190 ./Middlewares/Third_Party/FreeRTOS/Source/queue.o
                0x0800d9ba                xQueueGenericSend
 .text.xQueueGenericSendFromISR
                0x0800db4a       0xee ./Middlewares/Third_Party/FreeRTOS/Source/queue.o
                0x0800db4a                xQueueGenericSendFromISR
 .text.xQueueReceive
                0x0800dc38      0x170 ./Middlewares/Third_Party/FreeRTOS/Source/queue.o
                0x0800dc38                xQueueReceive
 .text.xQueueReceiveFromISR
                0x0800dda8       0xca ./Middlewares/Third_Party/FreeRTOS/Source/queue.o
                0x0800dda8                xQueueReceiveFromISR
 .text.prvCopyDataToQueue
                0x0800de72       0xd6 ./Middlewares/Third_Party/FreeRTOS/Source/queue.o
 .text.prvCopyDataFromQueue
                0x0800df48       0x4c ./Middlewares/Third_Party/FreeRTOS/Source/queue.o
 .text.prvUnlockQueue
                0x0800df94       0xbc ./Middlewares/Third_Party/FreeRTOS/Source/queue.o
 .text.prvIsQueueEmpty
                0x0800e050       0x2c ./Middlewares/Third_Party/FreeRTOS/Source/queue.o
 .text.prvIsQueueFull
                0x0800e07c       0x30 ./Middlewares/Third_Party/FreeRTOS/Source/queue.o
 .text.xTaskCreate
                0x0800e0ac       0x90 ./Middlewares/Third_Party/FreeRTOS/Source/tasks.o
                0x0800e0ac                xTaskCreate
 .text.prvInitialiseNewTask
                0x0800e13c      0x104 ./Middlewares/Third_Party/FreeRTOS/Source/tasks.o
 .text.prvAddNewTaskToReadyList
                0x0800e240       0xc8 ./Middlewares/Third_Party/FreeRTOS/Source/tasks.o
 .text.vTaskDelay
                0x0800e308       0x4c ./Middlewares/Third_Party/FreeRTOS/Source/tasks.o
                0x0800e308                vTaskDelay
 .text.eTaskGetState
                0x0800e354       0xdc ./Middlewares/Third_Party/FreeRTOS/Source/tasks.o
                0x0800e354                eTaskGetState
 .text.vTaskSuspend
                0x0800e430       0xcc ./Middlewares/Third_Party/FreeRTOS/Source/tasks.o
                0x0800e430                vTaskSuspend
 .text.prvTaskIsTaskSuspended
                0x0800e4fc       0x50 ./Middlewares/Third_Party/FreeRTOS/Source/tasks.o
 .text.vTaskResume
                0x0800e54c       0x9c ./Middlewares/Third_Party/FreeRTOS/Source/tasks.o
                0x0800e54c                vTaskResume
 .text.xTaskResumeFromISR
                0x0800e5e8       0xbc ./Middlewares/Third_Party/FreeRTOS/Source/tasks.o
                0x0800e5e8                xTaskResumeFromISR
 .text.vTaskStartScheduler
                0x0800e6a4       0x6c ./Middlewares/Third_Party/FreeRTOS/Source/tasks.o
                0x0800e6a4                vTaskStartScheduler
 .text.vTaskSuspendAll
                0x0800e710       0x18 ./Middlewares/Third_Party/FreeRTOS/Source/tasks.o
                0x0800e710                vTaskSuspendAll
 .text.xTaskResumeAll
                0x0800e728      0x118 ./Middlewares/Third_Party/FreeRTOS/Source/tasks.o
                0x0800e728                xTaskResumeAll
 .text.xTaskIncrementTick
                0x0800e840      0x160 ./Middlewares/Third_Party/FreeRTOS/Source/tasks.o
                0x0800e840                xTaskIncrementTick
 .text.vTaskSwitchContext
                0x0800e9a0       0xa4 ./Middlewares/Third_Party/FreeRTOS/Source/tasks.o
                0x0800e9a0                vTaskSwitchContext
 .text.vTaskPlaceOnEventList
                0x0800ea44       0x40 ./Middlewares/Third_Party/FreeRTOS/Source/tasks.o
                0x0800ea44                vTaskPlaceOnEventList
 .text.xTaskRemoveFromEventList
                0x0800ea84       0xbc ./Middlewares/Third_Party/FreeRTOS/Source/tasks.o
                0x0800ea84                xTaskRemoveFromEventList
 .text.vTaskInternalSetTimeOutState
                0x0800eb40       0x28 ./Middlewares/Third_Party/FreeRTOS/Source/tasks.o
                0x0800eb40                vTaskInternalSetTimeOutState
 .text.xTaskCheckForTimeOut
                0x0800eb68       0xa4 ./Middlewares/Third_Party/FreeRTOS/Source/tasks.o
                0x0800eb68                xTaskCheckForTimeOut
 .text.vTaskMissedYield
                0x0800ec0c       0x14 ./Middlewares/Third_Party/FreeRTOS/Source/tasks.o
                0x0800ec0c                vTaskMissedYield
 .text.prvIdleTask
                0x0800ec20       0x20 ./Middlewares/Third_Party/FreeRTOS/Source/tasks.o
 .text.prvInitialiseTaskLists
                0x0800ec40       0x88 ./Middlewares/Third_Party/FreeRTOS/Source/tasks.o
 .text.prvCheckTasksWaitingTermination
                0x0800ecc8       0x5c ./Middlewares/Third_Party/FreeRTOS/Source/tasks.o
 .text.prvDeleteTCB
                0x0800ed24       0x22 ./Middlewares/Third_Party/FreeRTOS/Source/tasks.o
 *fill*         0x0800ed46        0x2 
 .text.prvResetNextTaskUnblockTime
                0x0800ed48       0x3c ./Middlewares/Third_Party/FreeRTOS/Source/tasks.o
 .text.xTaskGetCurrentTaskHandle
                0x0800ed84       0x1c ./Middlewares/Third_Party/FreeRTOS/Source/tasks.o
                0x0800ed84                xTaskGetCurrentTaskHandle
 .text.xTaskGetSchedulerState
                0x0800eda0       0x38 ./Middlewares/Third_Party/FreeRTOS/Source/tasks.o
                0x0800eda0                xTaskGetSchedulerState
 .text.xTaskPriorityDisinherit
                0x0800edd8       0xbc ./Middlewares/Third_Party/FreeRTOS/Source/tasks.o
                0x0800edd8                xTaskPriorityDisinherit
 .text.prvAddCurrentTaskToDelayedList
                0x0800ee94       0xa8 ./Middlewares/Third_Party/FreeRTOS/Source/tasks.o
 .text.pxPortInitialiseStack
                0x0800ef3c       0x54 ./Middlewares/Third_Party/FreeRTOS/Source/portable/GCC/ARM_CM0/port.o
                0x0800ef3c                pxPortInitialiseStack
 .text.prvTaskExitError
                0x0800ef90       0x30 ./Middlewares/Third_Party/FreeRTOS/Source/portable/GCC/ARM_CM0/port.o
 .text.SVC_Handler
                0x0800efc0        0xa ./Middlewares/Third_Party/FreeRTOS/Source/portable/GCC/ARM_CM0/port.o
                0x0800efc0                SVC_Handler
 *fill*         0x0800efca        0x6 
 .text.vPortStartFirstTask
                0x0800efd0       0x38 ./Middlewares/Third_Party/FreeRTOS/Source/portable/GCC/ARM_CM0/port.o
 .text.xPortStartScheduler
                0x0800f008       0x48 ./Middlewares/Third_Party/FreeRTOS/Source/portable/GCC/ARM_CM0/port.o
                0x0800f008                xPortStartScheduler
 .text.vPortYield
                0x0800f050       0x20 ./Middlewares/Third_Party/FreeRTOS/Source/portable/GCC/ARM_CM0/port.o
                0x0800f050                vPortYield
 .text.vPortEnterCritical
                0x0800f070       0x24 ./Middlewares/Third_Party/FreeRTOS/Source/portable/GCC/ARM_CM0/port.o
                0x0800f070                vPortEnterCritical
 .text.vPortExitCritical
                0x0800f094       0x30 ./Middlewares/Third_Party/FreeRTOS/Source/portable/GCC/ARM_CM0/port.o
                0x0800f094                vPortExitCritical
 .text.ulSetInterruptMaskFromISR
                0x0800f0c4        0xc ./Middlewares/Third_Party/FreeRTOS/Source/portable/GCC/ARM_CM0/port.o
                0x0800f0c4                ulSetInterruptMaskFromISR
 .text.vClearInterruptMaskFromISR
                0x0800f0d0        0x8 ./Middlewares/Third_Party/FreeRTOS/Source/portable/GCC/ARM_CM0/port.o
                0x0800f0d0                vClearInterruptMaskFromISR
 *fill*         0x0800f0d8        0x8 
 .text.PendSV_Handler
                0x0800f0e0       0x48 ./Middlewares/Third_Party/FreeRTOS/Source/portable/GCC/ARM_CM0/port.o
                0x0800f0e0                PendSV_Handler
 .text.xPortSysTickHandler
                0x0800f128       0x34 ./Middlewares/Third_Party/FreeRTOS/Source/portable/GCC/ARM_CM0/port.o
                0x0800f128                xPortSysTickHandler
 .text.vPortSetupTimerInterrupt
                0x0800f15c       0x44 ./Middlewares/Third_Party/FreeRTOS/Source/portable/GCC/ARM_CM0/port.o
                0x0800f15c                vPortSetupTimerInterrupt
 .text.pvPortMalloc
                0x0800f1a0      0x160 ./Middlewares/Third_Party/FreeRTOS/Source/portable/MemMang/heap_4.o
                0x0800f1a0                pvPortMalloc
 .text.vPortFree
                0x0800f300       0xa0 ./Middlewares/Third_Party/FreeRTOS/Source/portable/MemMang/heap_4.o
                0x0800f300                vPortFree
 .text.prvHeapInit
                0x0800f3a0       0xc0 ./Middlewares/Third_Party/FreeRTOS/Source/portable/MemMang/heap_4.o
 .text.prvInsertBlockIntoFreeList
                0x0800f460       0xb0 ./Middlewares/Third_Party/FreeRTOS/Source/portable/MemMang/heap_4.o
 .text.MX_TCPP_Init
                0x0800f510       0x28 ./TCPP/App/app_tcpp.o
                0x0800f510                MX_TCPP_Init
 .text.TCPP01_GPIO_Init
                0x0800f538       0xc0 ./TCPP/App/app_tcpp.o
                0x0800f538                TCPP01_GPIO_Init
 .text.USBPD_ADC1_Init
                0x0800f5f8      0x158 ./TCPP/App/app_tcpp.o
                0x0800f5f8                USBPD_ADC1_Init
 .text.MX_USBPD_Init
                0x0800f750       0x54 ./USBPD/App/usbpd.o
                0x0800f750                MX_USBPD_Init
 .text.BSP_GetBoardName
                0x0800f7a4       0x10 ./USBPD/App/usbpd.o
                0x0800f7a4                BSP_GetBoardName
 .text.BSP_GetBoardID
                0x0800f7b4       0x10 ./USBPD/App/usbpd.o
                0x0800f7b4                BSP_GetBoardID
 .text.USBPD_DPM_InitCore
                0x0800f7c4      0x1b0 ./USBPD/App/usbpd_dpm_core.o
                0x0800f7c4                USBPD_DPM_InitCore
 .text.USBPD_DPM_InitOS
                0x0800f974      0x110 ./USBPD/App/usbpd_dpm_core.o
                0x0800f974                USBPD_DPM_InitOS
 .text.USBPD_DPM_TimerCounter
                0x0800fa84       0x30 ./USBPD/App/usbpd_dpm_core.o
                0x0800fa84                USBPD_DPM_TimerCounter
 .text.USBPD_PE_TaskWakeUp
                0x0800fab4       0x30 ./USBPD/App/usbpd_dpm_core.o
 .text.USBPD_DPM_CADTaskWakeUp
                0x0800fae4       0x20 ./USBPD/App/usbpd_dpm_core.o
 .text.USBPD_PE_Task
                0x0800fb04       0x64 ./USBPD/App/usbpd_dpm_core.o
                0x0800fb04                USBPD_PE_Task
 .text.USBPD_CAD_Task
                0x0800fb68       0x28 ./USBPD/App/usbpd_dpm_core.o
                0x0800fb68                USBPD_CAD_Task
 .text.USBPD_DPM_CADCallback
                0x0800fb90      0x128 ./USBPD/App/usbpd_dpm_core.o
                0x0800fb90                USBPD_DPM_CADCallback
 .text.DPM_StartPETask
                0x0800fcb8       0x50 ./USBPD/App/usbpd_dpm_core.o
 .text.USBPD_DPM_ErrorHandler
                0x0800fd08        0x8 ./USBPD/App/usbpd_dpm_core.o
                0x0800fd08                USBPD_DPM_ErrorHandler
 .text.USBPD_PWR_IF_SupplyReady
                0x0800fd10       0x7c ./USBPD/App/usbpd_pwr_if.o
                0x0800fd10                USBPD_PWR_IF_SupplyReady
 .text.USBPD_PWR_IF_GetPortPDOs
                0x0800fd8c       0x88 ./USBPD/App/usbpd_pwr_if.o
                0x0800fd8c                USBPD_PWR_IF_GetPortPDOs
 .text.USBPD_PWR_IF_GetVBUSStatus
                0x0800fe14       0x98 ./USBPD/App/usbpd_pwr_if.o
                0x0800fe14                USBPD_PWR_IF_GetVBUSStatus
 .text.USBPD_DPM_UserInit
                0x0800feac        0xc ./USBPD/Target/usbpd_dpm_user.o
                0x0800feac                USBPD_DPM_UserInit
 .text.USBPD_DPM_SetNotification_GUI
                0x0800feb8       0x34 ./USBPD/Target/usbpd_dpm_user.o
                0x0800feb8                USBPD_DPM_SetNotification_GUI
 .text.USBPD_DPM_UserCableDetection
                0x0800feec       0xb4 ./USBPD/Target/usbpd_dpm_user.o
                0x0800feec                USBPD_DPM_UserCableDetection
 .text.USBPD_DPM_UserTimerCounter
                0x0800ffa0       0x14 ./USBPD/Target/usbpd_dpm_user.o
                0x0800ffa0                USBPD_DPM_UserTimerCounter
 .text.USBPD_DPM_Notification
                0x0800ffb4       0x90 ./USBPD/Target/usbpd_dpm_user.o
                0x0800ffb4                USBPD_DPM_Notification
 .text.USBPD_DPM_HardReset
                0x08010044       0x74 ./USBPD/Target/usbpd_dpm_user.o
                0x08010044                USBPD_DPM_HardReset
 .text.USBPD_DPM_GetDataInfo
                0x080100b8       0xe8 ./USBPD/Target/usbpd_dpm_user.o
                0x080100b8                USBPD_DPM_GetDataInfo
 .text.USBPD_DPM_SetDataInfo
                0x080101a0      0x15c ./USBPD/Target/usbpd_dpm_user.o
                0x080101a0                USBPD_DPM_SetDataInfo
 .text.USBPD_DPM_SNK_EvaluateCapabilities
                0x080102fc      0x184 ./USBPD/Target/usbpd_dpm_user.o
                0x080102fc                USBPD_DPM_SNK_EvaluateCapabilities
 .text.USBPD_DPM_ExtendedMessageReceived
                0x08010480       0x28 ./USBPD/Target/usbpd_dpm_user.o
                0x08010480                USBPD_DPM_ExtendedMessageReceived
 .text.USBPD_DPM_EnterErrorRecovery
                0x080104a8       0x1e ./USBPD/Target/usbpd_dpm_user.o
                0x080104a8                USBPD_DPM_EnterErrorRecovery
 *fill*         0x080104c6        0x2 
 .text.USBPD_DPM_EvaluateDataRoleSwap
                0x080104c8       0xd4 ./USBPD/Target/usbpd_dpm_user.o
                0x080104c8                USBPD_DPM_EvaluateDataRoleSwap
 .text.USBPD_DPM_IsPowerReady
                0x0801059c       0x32 ./USBPD/Target/usbpd_dpm_user.o
                0x0801059c                USBPD_DPM_IsPowerReady
 *fill*         0x080105ce        0x2 
 .text.USBPD_DPM_RequestHardReset
                0x080105d0       0x88 ./USBPD/Target/usbpd_dpm_user.o
                0x080105d0                USBPD_DPM_RequestHardReset
 .text.USBPD_DPM_RequestCableReset
                0x08010658       0x88 ./USBPD/Target/usbpd_dpm_user.o
                0x08010658                USBPD_DPM_RequestCableReset
 .text.USBPD_DPM_RequestGotoMin
                0x080106e0       0x8c ./USBPD/Target/usbpd_dpm_user.o
                0x080106e0                USBPD_DPM_RequestGotoMin
 .text.USBPD_DPM_RequestPing
                0x0801076c       0x8c ./USBPD/Target/usbpd_dpm_user.o
                0x0801076c                USBPD_DPM_RequestPing
 .text.USBPD_DPM_RequestMessageRequest
                0x080107f8      0x128 ./USBPD/Target/usbpd_dpm_user.o
                0x080107f8                USBPD_DPM_RequestMessageRequest
 .text.USBPD_DPM_RequestGetSourceCapability
                0x08010920       0x8c ./USBPD/Target/usbpd_dpm_user.o
                0x08010920                USBPD_DPM_RequestGetSourceCapability
 .text.USBPD_DPM_RequestGetSinkCapability
                0x080109ac       0x8c ./USBPD/Target/usbpd_dpm_user.o
                0x080109ac                USBPD_DPM_RequestGetSinkCapability
 .text.USBPD_DPM_RequestDataRoleSwap
                0x08010a38       0x8c ./USBPD/Target/usbpd_dpm_user.o
                0x08010a38                USBPD_DPM_RequestDataRoleSwap
 .text.USBPD_DPM_RequestPowerRoleSwap
                0x08010ac4       0x6c ./USBPD/Target/usbpd_dpm_user.o
                0x08010ac4                USBPD_DPM_RequestPowerRoleSwap
 .text.USBPD_DPM_RequestVconnSwap
                0x08010b30       0x8c ./USBPD/Target/usbpd_dpm_user.o
                0x08010b30                USBPD_DPM_RequestVconnSwap
 .text.USBPD_DPM_RequestSoftReset
                0x08010bbc       0x94 ./USBPD/Target/usbpd_dpm_user.o
                0x08010bbc                USBPD_DPM_RequestSoftReset
 .text.USBPD_DPM_RequestSourceCapability
                0x08010c50       0x8c ./USBPD/Target/usbpd_dpm_user.o
                0x08010c50                USBPD_DPM_RequestSourceCapability
 .text.USBPD_DPM_RequestAlert
                0x08010cdc       0x90 ./USBPD/Target/usbpd_dpm_user.o
                0x08010cdc                USBPD_DPM_RequestAlert
 .text.USBPD_DPM_RequestGetSourceCapabilityExt
                0x08010d6c       0x8c ./USBPD/Target/usbpd_dpm_user.o
                0x08010d6c                USBPD_DPM_RequestGetSourceCapabilityExt
 .text.USBPD_DPM_RequestGetSinkCapabilityExt
                0x08010df8       0x8c ./USBPD/Target/usbpd_dpm_user.o
                0x08010df8                USBPD_DPM_RequestGetSinkCapabilityExt
 .text.USBPD_DPM_RequestGetManufacturerInfo
                0x08010e84       0xac ./USBPD/Target/usbpd_dpm_user.o
                0x08010e84                USBPD_DPM_RequestGetManufacturerInfo
 .text.USBPD_DPM_RequestGetPPS_Status
                0x08010f30       0x8c ./USBPD/Target/usbpd_dpm_user.o
                0x08010f30                USBPD_DPM_RequestGetPPS_Status
 .text.USBPD_DPM_RequestGetStatus
                0x08010fbc       0x8c ./USBPD/Target/usbpd_dpm_user.o
                0x08010fbc                USBPD_DPM_RequestGetStatus
 .text.USBPD_DPM_RequestFastRoleSwap
                0x08011048       0x8c ./USBPD/Target/usbpd_dpm_user.o
                0x08011048                USBPD_DPM_RequestFastRoleSwap
 .text.USBPD_DPM_RequestGetCountryCodes
                0x080110d4       0x8c ./USBPD/Target/usbpd_dpm_user.o
                0x080110d4                USBPD_DPM_RequestGetCountryCodes
 .text.USBPD_DPM_RequestGetCountryInfo
                0x08011160       0x94 ./USBPD/Target/usbpd_dpm_user.o
                0x08011160                USBPD_DPM_RequestGetCountryInfo
 .text.USBPD_DPM_RequestGetBatteryCapability
                0x080111f4       0x94 ./USBPD/Target/usbpd_dpm_user.o
                0x080111f4                USBPD_DPM_RequestGetBatteryCapability
 .text.USBPD_DPM_RequestGetBatteryStatus
                0x08011288       0x94 ./USBPD/Target/usbpd_dpm_user.o
                0x08011288                USBPD_DPM_RequestGetBatteryStatus
 .text.USBPD_DPM_RequestSecurityRequest
                0x0801131c       0x80 ./USBPD/Target/usbpd_dpm_user.o
                0x0801131c                USBPD_DPM_RequestSecurityRequest
 .text.USBPD_DPM_SNK_EvaluateMatchWithSRCPDO
                0x0801139c      0x776 ./USBPD/Target/usbpd_dpm_user.o
                0x0801139c                USBPD_DPM_SNK_EvaluateMatchWithSRCPDO
 *fill*         0x08011b12        0x2 
 .text.DPM_FindVoltageIndex
                0x08011b14      0x1f8 ./USBPD/Target/usbpd_dpm_user.o
 .text.DPM_SNK_BuildRDOfromSelectedPDO
                0x08011d0c      0x4c8 ./USBPD/Target/usbpd_dpm_user.o
 .text.LL_ADC_REG_ReadConversionData12
                0x080121d4       0x1c ./USBPD/Target/usbpd_pwr_user.o
 .text.BSP_USBPD_PWR_Init
                0x080121f0       0x22 ./USBPD/Target/usbpd_pwr_user.o
                0x080121f0                BSP_USBPD_PWR_Init
 *fill*         0x08012212        0x2 
 .text.BSP_USBPD_PWR_VBUSInit
                0x08012214       0x3c ./USBPD/Target/usbpd_pwr_user.o
                0x08012214                BSP_USBPD_PWR_VBUSInit
 .text.BSP_USBPD_PWR_VBUSDeInit
                0x08012250       0x3c ./USBPD/Target/usbpd_pwr_user.o
                0x08012250                BSP_USBPD_PWR_VBUSDeInit
 .text.BSP_USBPD_PWR_VBUSGetVoltage
                0x0801228c       0x78 ./USBPD/Target/usbpd_pwr_user.o
                0x0801228c                BSP_USBPD_PWR_VBUSGetVoltage
 .text.BSP_USBPD_PWR_VBUSGetCurrent
                0x08012304       0x38 ./USBPD/Target/usbpd_pwr_user.o
                0x08012304                BSP_USBPD_PWR_VBUSGetCurrent
 .text.BSP_GUI_LoadDataFromFlash
                0x0801233c      0x448 ./Utilities/GUI_INTERFACE/bsp_gui.o
                0x0801233c                BSP_GUI_LoadDataFromFlash
 .text.BSP_GUI_SaveDataInFlash
                0x08012784      0x4c4 ./Utilities/GUI_INTERFACE/bsp_gui.o
                0x08012784                BSP_GUI_SaveDataInFlash
 .text.SavePDOInFlash
                0x08012c48       0xe6 ./Utilities/GUI_INTERFACE/bsp_gui.o
 .text.SaveSettingsInFlash
                0x08012d2e       0xfe ./Utilities/GUI_INTERFACE/bsp_gui.o
 .text.LoadPDOFromFlash
                0x08012e2c       0x50 ./Utilities/GUI_INTERFACE/bsp_gui.o
 .text.LoadSettingsFromFlash
                0x08012e7c       0x36 ./Utilities/GUI_INTERFACE/bsp_gui.o
 .text.TLV_init_encode
                0x08012eb2       0xc6 ./Utilities/GUI_INTERFACE/data_struct_tlv.o
                0x08012eb2                TLV_init_encode
 .text.TLV_add  0x08012f78      0x198 ./Utilities/GUI_INTERFACE/data_struct_tlv.o
                0x08012f78                TLV_add
 .text.TLV_addValue
                0x08013110      0x124 ./Utilities/GUI_INTERFACE/data_struct_tlv.o
                0x08013110                TLV_addValue
 .text.TLV_deinit_encode
                0x08013234       0x24 ./Utilities/GUI_INTERFACE/data_struct_tlv.o
                0x08013234                TLV_deinit_encode
 .text.TLV_init_decode
                0x08013258       0x58 ./Utilities/GUI_INTERFACE/data_struct_tlv.o
                0x08013258                TLV_init_decode
 .text.TLV_get  0x080132b0       0xb0 ./Utilities/GUI_INTERFACE/data_struct_tlv.o
                0x080132b0                TLV_get
 .text.TLV_deinit_decode
                0x08013360       0x1c ./Utilities/GUI_INTERFACE/data_struct_tlv.o
                0x08013360                TLV_deinit_decode
 .text.TLV_get_string_length
                0x0801337c       0x6e ./Utilities/GUI_INTERFACE/data_struct_tlv.o
                0x0801337c                TLV_get_string_length
 *fill*         0x080133ea        0x2 
 .text.GUI_Init
                0x080133ec      0x14c ./Utilities/GUI_INTERFACE/gui_api.o
                0x080133ec                GUI_Init
 .text.GUI_InitOS
                0x08013538       0x90 ./Utilities/GUI_INTERFACE/gui_api.o
                0x08013538                GUI_InitOS
 .text.GUI_Start
                0x080135c8       0x18 ./Utilities/GUI_INTERFACE/gui_api.o
                0x080135c8                GUI_Start
 .text.TaskGUI  0x080135e0      0x178 ./Utilities/GUI_INTERFACE/gui_api.o
                0x080135e0                TaskGUI
 .text.CheckGUITimers
                0x08013758       0x60 ./Utilities/GUI_INTERFACE/gui_api.o
 .text.GUI_TimerCounter
                0x080137b8       0x3c ./Utilities/GUI_INTERFACE/gui_api.o
                0x080137b8                GUI_TimerCounter
 .text.GUI_CALLBACK_RX
                0x080137f4       0x50 ./Utilities/GUI_INTERFACE/gui_api.o
 .text.GUI_RXProcess
                0x08013844       0xb2 ./Utilities/GUI_INTERFACE/gui_api.o
                0x08013844                GUI_RXProcess
 .text.GUI_FormatAndSendNotification
                0x080138f6       0x40 ./Utilities/GUI_INTERFACE/gui_api.o
                0x080138f6                GUI_FormatAndSendNotification
 *fill*         0x08013936        0x2 
 .text.GUI_GetMessage
                0x08013938      0x204 ./Utilities/GUI_INTERFACE/gui_api.o
                0x08013938                GUI_GetMessage
 .text.GUI_SendAnswer
                0x08013b3c      0x1e0 ./Utilities/GUI_INTERFACE/gui_api.o
                0x08013b3c                GUI_SendAnswer
 .text.GUI_SendNotification
                0x08013d1c      0x810 ./Utilities/GUI_INTERFACE/gui_api.o
                0x08013d1c                GUI_SendNotification
 .text.GUI_PostNotificationMessage
                0x0801452c       0xcc ./Utilities/GUI_INTERFACE/gui_api.o
                0x0801452c                GUI_PostNotificationMessage
 .text.GUI_SaveInfo
                0x080145f8      0x1dc ./Utilities/GUI_INTERFACE/gui_api.o
                0x080145f8                GUI_SaveInfo
 .text.Send_DpmInitCnf
                0x080147d4      0x35c ./Utilities/GUI_INTERFACE/gui_api.o
 .text.Request_MessageReq
                0x08014b30      0x680 ./Utilities/GUI_INTERFACE/gui_api.o
 .text.Send_DpmConfigSetCnf
                0x080151b0      0x880 ./Utilities/GUI_INTERFACE/gui_api.o
 .text.Send_DpmConfigGetCnf
                0x08015a30      0x5c0 ./Utilities/GUI_INTERFACE/gui_api.o
 .text.Send_DpmConfigGetRej
                0x08015ff0       0x44 ./Utilities/GUI_INTERFACE/gui_api.o
 .text.Send_DpmMessageRej
                0x08016034       0x44 ./Utilities/GUI_INTERFACE/gui_api.o
 .text.Send_DpmRegisterReadCnf
                0x08016078       0xbc ./Utilities/GUI_INTERFACE/gui_api.o
 .text.Send_DpmRegisterWriteCnf
                0x08016134       0x88 ./Utilities/GUI_INTERFACE/gui_api.o
 .text.Manage_FreeText
                0x080161bc       0x50 ./Utilities/GUI_INTERFACE/gui_api.o
 .text.UpdateSNKPowerPort0
                0x0801620c      0x248 ./Utilities/GUI_INTERFACE/gui_api.o
 .text.TRACER_EMB_Init
                0x08016454       0x28 ./Utilities/TRACER_EMB/tracer_emb.o
                0x08016454                TRACER_EMB_Init
 .text.TRACER_EMB_Add
                0x0801647c       0x88 ./Utilities/TRACER_EMB/tracer_emb.o
                0x0801647c                TRACER_EMB_Add
 .text.TRACER_EMB_IRQHandlerDMA
                0x08016504        0xe ./Utilities/TRACER_EMB/tracer_emb.o
                0x08016504                TRACER_EMB_IRQHandlerDMA
 .text.TRACER_EMB_IRQHandlerUSART
                0x08016512        0xe ./Utilities/TRACER_EMB/tracer_emb.o
                0x08016512                TRACER_EMB_IRQHandlerUSART
 .text.TRACER_EMB_WriteData
                0x08016520       0x30 ./Utilities/TRACER_EMB/tracer_emb.o
                0x08016520                TRACER_EMB_WriteData
 .text.TRACER_EMB_StartRX
                0x08016550       0x1c ./Utilities/TRACER_EMB/tracer_emb.o
                0x08016550                TRACER_EMB_StartRX
 .text.TRACER_EMB_EnableOverFlow
                0x0801656c       0x38 ./Utilities/TRACER_EMB/tracer_emb.o
                0x0801656c                TRACER_EMB_EnableOverFlow
 .text.TRACER_EMB_CALLBACK_TX
                0x080165a4       0x90 ./Utilities/TRACER_EMB/tracer_emb.o
                0x080165a4                TRACER_EMB_CALLBACK_TX
 .text.TRACER_EMB_Lock
                0x08016634       0x3c ./Utilities/TRACER_EMB/tracer_emb.o
                0x08016634                TRACER_EMB_Lock
 .text.TRACER_EMB_UnLock
                0x08016670       0x3c ./Utilities/TRACER_EMB/tracer_emb.o
                0x08016670                TRACER_EMB_UnLock
 .text.TRACER_EMB_SendData
                0x080166ac       0xbc ./Utilities/TRACER_EMB/tracer_emb.o
                0x080166ac                TRACER_EMB_SendData
 .text.TRACER_EMB_AllocateBufer
                0x08016768       0xb4 ./Utilities/TRACER_EMB/tracer_emb.o
                0x08016768                TRACER_EMB_AllocateBufer
 .text.TRACER_EMB_LowPowerInit
                0x0801681c        0xa ./Utilities/TRACER_EMB/tracer_emb.o
                0x0801681c                TRACER_EMB_LowPowerInit
 .text.TRACER_EMB_LowPowerSendData
                0x08016826        0xa ./Utilities/TRACER_EMB/tracer_emb.o
                0x08016826                TRACER_EMB_LowPowerSendData
 .text.TRACER_EMB_LowPowerSendDataComplete
                0x08016830        0xa ./Utilities/TRACER_EMB/tracer_emb.o
                0x08016830                TRACER_EMB_LowPowerSendDataComplete
 *fill*         0x0801683a        0x2 
 .text.__NVIC_EnableIRQ
                0x0801683c       0x34 ./Utilities/TRACER_EMB/tracer_emb_hw.o
 .text.__NVIC_SetPriority
                0x08016870       0xdc ./Utilities/TRACER_EMB/tracer_emb_hw.o
 .text.LL_DMA_EnableChannel
                0x0801694c       0x40 ./Utilities/TRACER_EMB/tracer_emb_hw.o
 .text.LL_DMA_DisableChannel
                0x0801698c       0x40 ./Utilities/TRACER_EMB/tracer_emb_hw.o
 .text.LL_DMA_ConfigTransfer
                0x080169cc       0x4c ./Utilities/TRACER_EMB/tracer_emb_hw.o
 .text.LL_DMA_GetDataTransferDirection
                0x08016a18       0x34 ./Utilities/TRACER_EMB/tracer_emb_hw.o
 .text.LL_DMA_SetDataLength
                0x08016a4c       0x44 ./Utilities/TRACER_EMB/tracer_emb_hw.o
 .text.LL_DMA_ConfigAddresses
                0x08016a90       0x70 ./Utilities/TRACER_EMB/tracer_emb_hw.o
 .text.LL_DMA_SetPeriphRequest
                0x08016b00       0x58 ./Utilities/TRACER_EMB/tracer_emb_hw.o
 .text.LL_DMA_IsActiveFlag_TC3
                0x08016b58       0x28 ./Utilities/TRACER_EMB/tracer_emb_hw.o
 .text.LL_DMA_ClearFlag_GI3