../USBPD/Target/usbpd_dpm_user.c:176:21:USBPD_DPM_UserInit	8	static
../USBPD/Target/usbpd_dpm_user.c:190:6:USBPD_DPM_SetNotification_GUI	24	static
../USBPD/Target/usbpd_dpm_user.c:202:6:USBPD_DPM_WaitForTime	16	static
../USBPD/Target/usbpd_dpm_user.c:213:6:USBPD_DPM_UserExecute	16	static
../USBPD/Target/usbpd_dpm_user.c:229:6:USBPD_DPM_UserCableDetection	88	static
../USBPD/Target/usbpd_dpm_user.c:258:6:USBPD_DPM_UserTimerCounter	16	static
../USBPD/Target/usbpd_dpm_user.c:279:6:USBPD_DPM_Notification	88	static
../USBPD/Target/usbpd_dpm_user.c:336:6:USBPD_DPM_HardReset	88	static
../USBPD/Target/usbpd_dpm_user.c:351:6:USBPD_DPM_GetDataInfo	40	static
../USBPD/Target/usbpd_dpm_user.c:402:6:USBPD_DPM_SetDataInfo	56	static
../USBPD/Target/usbpd_dpm_user.c:473:6:USBPD_DPM_SNK_EvaluateCapabilities	120	static
../USBPD/Target/usbpd_dpm_user.c:532:21:USBPD_DPM_EvaluateVconnSwap	24	static
../USBPD/Target/usbpd_dpm_user.c:551:21:USBPD_DPM_PE_VconnPwr	16	static
../USBPD/Target/usbpd_dpm_user.c:569:6:USBPD_DPM_ExtendedMessageReceived	24	static
../USBPD/Target/usbpd_dpm_user.c:581:6:USBPD_DPM_EnterErrorRecovery	16	static
../USBPD/Target/usbpd_dpm_user.c:598:21:USBPD_DPM_EvaluateDataRoleSwap	24	static
../USBPD/Target/usbpd_dpm_user.c:628:23:USBPD_DPM_IsPowerReady	16	static
../USBPD/Target/usbpd_dpm_user.c:648:21:USBPD_DPM_RequestHardReset	88	static
../USBPD/Target/usbpd_dpm_user.c:662:21:USBPD_DPM_RequestCableReset	88	static
../USBPD/Target/usbpd_dpm_user.c:674:21:USBPD_DPM_RequestGotoMin	88	static
../USBPD/Target/usbpd_dpm_user.c:688:21:USBPD_DPM_RequestPing	88	static
../USBPD/Target/usbpd_dpm_user.c:702:21:USBPD_DPM_RequestMessageRequest	80	static
../USBPD/Target/usbpd_dpm_user.c:743:21:USBPD_DPM_RequestGetSourceCapability	88	static
../USBPD/Target/usbpd_dpm_user.c:755:21:USBPD_DPM_RequestGetSinkCapability	88	static
../USBPD/Target/usbpd_dpm_user.c:767:21:USBPD_DPM_RequestDataRoleSwap	88	static
../USBPD/Target/usbpd_dpm_user.c:779:21:USBPD_DPM_RequestPowerRoleSwap	88	static
../USBPD/Target/usbpd_dpm_user.c:790:21:USBPD_DPM_RequestVconnSwap	88	static
../USBPD/Target/usbpd_dpm_user.c:803:21:USBPD_DPM_RequestSoftReset	88	static
../USBPD/Target/usbpd_dpm_user.c:815:21:USBPD_DPM_RequestSourceCapability	88	static
../USBPD/Target/usbpd_dpm_user.c:829:21:USBPD_DPM_RequestVDM_DiscoveryIdentify	88	static
../USBPD/Target/usbpd_dpm_user.c:848:21:USBPD_DPM_RequestVDM_DiscoverySVID	88	static
../USBPD/Target/usbpd_dpm_user.c:862:21:USBPD_DPM_RequestVDM_DiscoveryMode	88	static
../USBPD/Target/usbpd_dpm_user.c:877:21:USBPD_DPM_RequestVDM_EnterMode	96	static
../USBPD/Target/usbpd_dpm_user.c:892:21:USBPD_DPM_RequestVDM_ExitMode	96	static
../USBPD/Target/usbpd_dpm_user.c:907:21:USBPD_DPM_RequestDisplayPortStatus	88	static
../USBPD/Target/usbpd_dpm_user.c:925:21:USBPD_DPM_RequestDisplayPortConfig	88	static
../USBPD/Target/usbpd_dpm_user.c:943:21:USBPD_DPM_RequestAttention	88	static
../USBPD/Target/usbpd_dpm_user.c:956:21:USBPD_DPM_RequestAlert	88	static
../USBPD/Target/usbpd_dpm_user.c:968:21:USBPD_DPM_RequestGetSourceCapabilityExt	88	static
../USBPD/Target/usbpd_dpm_user.c:980:21:USBPD_DPM_RequestGetSinkCapabilityExt	88	static
../USBPD/Target/usbpd_dpm_user.c:994:21:USBPD_DPM_RequestGetManufacturerInfo	88	static
../USBPD/Target/usbpd_dpm_user.c:1010:21:USBPD_DPM_RequestGetPPS_Status	88	static
../USBPD/Target/usbpd_dpm_user.c:1022:21:USBPD_DPM_RequestGetStatus	88	static
../USBPD/Target/usbpd_dpm_user.c:1034:21:USBPD_DPM_RequestFastRoleSwap	88	static
../USBPD/Target/usbpd_dpm_user.c:1046:21:USBPD_DPM_RequestGetCountryCodes	88	static
../USBPD/Target/usbpd_dpm_user.c:1059:21:USBPD_DPM_RequestGetCountryInfo	88	static
../USBPD/Target/usbpd_dpm_user.c:1072:21:USBPD_DPM_RequestGetBatteryCapability	88	static
../USBPD/Target/usbpd_dpm_user.c:1085:21:USBPD_DPM_RequestGetBatteryStatus	88	static
../USBPD/Target/usbpd_dpm_user.c:1097:21:USBPD_DPM_RequestSecurityRequest	88	static
../USBPD/Target/usbpd_dpm_user.c:1121:10:USBPD_DPM_SNK_EvaluateMatchWithSRCPDO	136	static
../USBPD/Target/usbpd_dpm_user.c:1474:17:DPM_FindVoltageIndex	72	static
../USBPD/Target/usbpd_dpm_user.c:1612:6:DPM_SNK_BuildRDOfromSelectedPDO	104	static
